Component: Arm Compiler for Embedded 6.19 Tool: armlink [5e73cb00]

==============================================================================

Section Cross References

    startup_stm32f407xx.o(STACK) refers (Special) to heapauxi.o(.text) for __use_two_region_memory
    startup_stm32f407xx.o(HEAP) refers (Special) to heapauxi.o(.text) for __use_two_region_memory
    startup_stm32f407xx.o(RESET) refers (Special) to heapauxi.o(.text) for __use_two_region_memory
    startup_stm32f407xx.o(RESET) refers to startup_stm32f407xx.o(STACK) for __initial_sp
    startup_stm32f407xx.o(RESET) refers to startup_stm32f407xx.o(.text) for Reset_Handler
    startup_stm32f407xx.o(RESET) refers to stm32f4xx_it.o(.text.NMI_Handler) for NMI_Handler
    startup_stm32f407xx.o(RESET) refers to stm32f4xx_it.o(.text.HardFault_Handler) for HardFault_Handler
    startup_stm32f407xx.o(RESET) refers to stm32f4xx_it.o(.text.MemManage_Handler) for MemManage_Handler
    startup_stm32f407xx.o(RESET) refers to stm32f4xx_it.o(.text.BusFault_Handler) for BusFault_Handler
    startup_stm32f407xx.o(RESET) refers to stm32f4xx_it.o(.text.UsageFault_Handler) for UsageFault_Handler
    startup_stm32f407xx.o(RESET) refers to stm32f4xx_it.o(.text.SVC_Handler) for SVC_Handler
    startup_stm32f407xx.o(RESET) refers to stm32f4xx_it.o(.text.DebugMon_Handler) for DebugMon_Handler
    startup_stm32f407xx.o(RESET) refers to stm32f4xx_it.o(.text.PendSV_Handler) for PendSV_Handler
    startup_stm32f407xx.o(RESET) refers to stm32f4xx_it.o(.text.SysTick_Handler) for SysTick_Handler
    startup_stm32f407xx.o(RESET) refers to stm32f4xx_it.o(.text.TIM2_IRQHandler) for TIM2_IRQHandler
    startup_stm32f407xx.o(.text) refers (Special) to heapauxi.o(.text) for __use_two_region_memory
    startup_stm32f407xx.o(.text) refers to system_stm32f4xx.o(.text.SystemInit) for SystemInit
    startup_stm32f407xx.o(.text) refers to __main.o(!!!main) for __main
    startup_stm32f407xx.o(.text) refers to startup_stm32f407xx.o(HEAP) for Heap_Mem
    startup_stm32f407xx.o(.text) refers to startup_stm32f407xx.o(STACK) for Stack_Mem
    i2c-lcd_1.o(.text.lcd_send_cmd) refers to i2c.o(.bss.hi2c1) for hi2c1
    i2c-lcd_1.o(.text.lcd_send_cmd) refers to stm32f4xx_hal_i2c.o(.text.HAL_I2C_Master_Transmit) for HAL_I2C_Master_Transmit
    i2c-lcd_1.o(.ARM.exidx.text.lcd_send_cmd) refers to i2c-lcd_1.o(.text.lcd_send_cmd) for [Anonymous Symbol]
    i2c-lcd_1.o(.text.lcd_send_data) refers to i2c.o(.bss.hi2c1) for hi2c1
    i2c-lcd_1.o(.text.lcd_send_data) refers to stm32f4xx_hal_i2c.o(.text.HAL_I2C_Master_Transmit) for HAL_I2C_Master_Transmit
    i2c-lcd_1.o(.ARM.exidx.text.lcd_send_data) refers to i2c-lcd_1.o(.text.lcd_send_data) for [Anonymous Symbol]
    i2c-lcd_1.o(.text.lcd_clear) refers to i2c.o(.bss.hi2c1) for hi2c1
    i2c-lcd_1.o(.text.lcd_clear) refers to stm32f4xx_hal_i2c.o(.text.HAL_I2C_Master_Transmit) for HAL_I2C_Master_Transmit
    i2c-lcd_1.o(.ARM.exidx.text.lcd_clear) refers to i2c-lcd_1.o(.text.lcd_clear) for [Anonymous Symbol]
    i2c-lcd_1.o(.text.lcd_put_cur) refers to i2c.o(.bss.hi2c1) for hi2c1
    i2c-lcd_1.o(.text.lcd_put_cur) refers to stm32f4xx_hal_i2c.o(.text.HAL_I2C_Master_Transmit) for HAL_I2C_Master_Transmit
    i2c-lcd_1.o(.ARM.exidx.text.lcd_put_cur) refers to i2c-lcd_1.o(.text.lcd_put_cur) for [Anonymous Symbol]
    i2c-lcd_1.o(.text.lcd_init) refers to stm32f4xx_hal.o(.text.HAL_Delay) for HAL_Delay
    i2c-lcd_1.o(.text.lcd_init) refers to i2c.o(.bss.hi2c1) for hi2c1
    i2c-lcd_1.o(.text.lcd_init) refers to stm32f4xx_hal_i2c.o(.text.HAL_I2C_Master_Transmit) for HAL_I2C_Master_Transmit
    i2c-lcd_1.o(.ARM.exidx.text.lcd_init) refers to i2c-lcd_1.o(.text.lcd_init) for [Anonymous Symbol]
    i2c-lcd_1.o(.text.lcd_send_string) refers to i2c.o(.bss.hi2c1) for hi2c1
    i2c-lcd_1.o(.text.lcd_send_string) refers to stm32f4xx_hal_i2c.o(.text.HAL_I2C_Master_Transmit) for HAL_I2C_Master_Transmit
    i2c-lcd_1.o(.ARM.exidx.text.lcd_send_string) refers to i2c-lcd_1.o(.text.lcd_send_string) for [Anonymous Symbol]
    main.o(.text) refers (Special) to _printf_percent.o(.ARM.Collect$$_printf_percent$$00000000) for _printf_percent
    main.o(.text) refers (Special) to _printf_d.o(.ARM.Collect$$_printf_percent$$00000009) for _printf_d
    main.o(.text) refers (Special) to _printf_dec.o(.text) for _printf_int_dec
    main.o(.text.fputc) refers (Special) to _printf_percent.o(.ARM.Collect$$_printf_percent$$00000000) for _printf_percent
    main.o(.text.fputc) refers (Special) to _printf_d.o(.ARM.Collect$$_printf_percent$$00000009) for _printf_d
    main.o(.text.fputc) refers (Special) to _printf_dec.o(.text) for _printf_int_dec
    main.o(.text.fputc) refers to usart.o(.bss.huart2) for huart2
    main.o(.text.fputc) refers to stm32f4xx_hal_uart.o(.text.HAL_UART_Transmit) for HAL_UART_Transmit
    main.o(.ARM.exidx.text.fputc) refers (Special) to _printf_percent.o(.ARM.Collect$$_printf_percent$$00000000) for _printf_percent
[...]
    stm32f4xx_hal_i2c_ex.c                   0x00000000   Number         0  stm32f4xx_hal_i2c_ex.o ABSOLUTE
    stm32f4xx_hal_msp.c                      0x00000000   Number         0  stm32f4xx_hal_msp.o ABSOLUTE
    stm32f4xx_hal_pwr.c                      0x00000000   Number         0  stm32f4xx_hal_pwr.o ABSOLUTE
    stm32f4xx_hal_pwr_ex.c                   0x00000000   Number         0  stm32f4xx_hal_pwr_ex.o ABSOLUTE
    stm32f4xx_hal_rcc.c                      0x00000000   Number         0  stm32f4xx_hal_rcc.o ABSOLUTE
    stm32f4xx_hal_rcc_ex.c                   0x00000000   Number         0  stm32f4xx_hal_rcc_ex.o ABSOLUTE
    stm32f4xx_hal_tim.c                      0x00000000   Number         0  stm32f4xx_hal_tim.o ABSOLUTE
    stm32f4xx_hal_tim_ex.c                   0x00000000   Number         0  stm32f4xx_hal_tim_ex.o ABSOLUTE
    stm32f4xx_hal_uart.c                     0x00000000   Number         0  stm32f4xx_hal_uart.o ABSOLUTE
    stm32f4xx_it.c                           0x00000000   Number         0  stm32f4xx_it.o ABSOLUTE
    system_stm32f4xx.c                       0x00000000   Number         0  system_stm32f4xx.o ABSOLUTE
    tim.c                                    0x00000000   Number         0  tim.o ABSOLUTE
    usart.c                                  0x00000000   Number         0  usart.o ABSOLUTE
    RESET                                    0x08000000   Section      392  startup_stm32f407xx.o(RESET)
    !!!main                                  0x08000188   Section        8  __main.o(!!!main)
    !!!scatter                               0x08000190   Section       52  __scatter.o(!!!scatter)
    !!handler_copy                           0x080001c4   Section       26  __scatter_copy.o(!!handler_copy)
    !!handler_zi                             0x080001e0   Section       28  __scatter_zi.o(!!handler_zi)
    .ARM.Collect$$_printf_percent$$00000000  0x080001fc   Section        0  _printf_percent.o(.ARM.Collect$$_printf_percent$$00000000)
    .ARM.Collect$$_printf_percent$$00000009  0x080001fc   Section        6  _printf_d.o(.ARM.Collect$$_printf_percent$$00000009)
    .ARM.Collect$$_printf_percent$$00000017  0x08000202   Section        4  _printf_percent_end.o(.ARM.Collect$$_printf_percent$$00000017)
    .ARM.Collect$$libinit$$00000000          0x08000206   Section        2  libinit.o(.ARM.Collect$$libinit$$00000000)
    .ARM.Collect$$libinit$$00000001          0x08000208   Section        4  libinit2.o(.ARM.Collect$$libinit$$00000001)
    .ARM.Collect$$libinit$$00000004          0x0800020c   Section        0  libinit2.o(.ARM.Collect$$libinit$$00000004)
    .ARM.Collect$$libinit$$00000006          0x0800020c   Section        0  libinit2.o(.ARM.Collect$$libinit$$00000006)
    .ARM.Collect$$libinit$$00000007          0x0800020c   Section        8  libinit2.o(.ARM.Collect$$libinit$$00000007)
    .ARM.Collect$$libinit$$0000000C          0x08000214   Section        0  libinit2.o(.ARM.Collect$$libinit$$0000000C)
    .ARM.Collect$$libinit$$0000000E          0x08000214   Section        0  libinit2.o(.ARM.Collect$$libinit$$0000000E)
    .ARM.Collect$$libinit$$00000010          0x08000214   Section        0  libinit2.o(.ARM.Collect$$libinit$$00000010)
    .ARM.Collect$$libinit$$00000013          0x08000214   Section        0  libinit2.o(.ARM.Collect$$libinit$$00000013)
    .ARM.Collect$$libinit$$00000015          0x08000214   Section        0  libinit2.o(.ARM.Collect$$libinit$$00000015)
    .ARM.Collect$$libinit$$00000017          0x08000214   Section        0  libinit2.o(.ARM.Collect$$libinit$$00000017)
    .ARM.Collect$$libinit$$00000019          0x08000214   Section        0  libinit2.o(.ARM.Collect$$libinit$$00000019)
    .ARM.Collect$$libinit$$0000001B          0x08000214   Section        0  libinit2.o(.ARM.Collect$$libinit$$0000001B)
    .ARM.Collect$$libinit$$0000001D          0x08000214   Section        0  libinit2.o(.ARM.Collect$$libinit$$0000001D)
    .ARM.Collect$$libinit$$0000001F          0x08000214   Section        0  libinit2.o(.ARM.Collect$$libinit$$0000001F)
    .ARM.Collect$$libinit$$00000021          0x08000214   Section        0  libinit2.o(.ARM.Collect$$libinit$$00000021)
    .ARM.Collect$$libinit$$00000023          0x08000214   Section        0  libinit2.o(.ARM.Collect$$libinit$$00000023)
    .ARM.Collect$$libinit$$00000025          0x08000214   Section        0  libinit2.o(.ARM.Collect$$libinit$$00000025)
    .ARM.Collect$$libinit$$00000026          0x08000214   Section        4  libinit2.o(.ARM.Collect$$libinit$$00000026)
    .ARM.Collect$$libinit$$00000027          0x08000218   Section        0  libinit2.o(.ARM.Collect$$libinit$$00000027)
    .ARM.Collect$$libinit$$0000002E          0x08000218   Section        0  libinit2.o(.ARM.Collect$$libinit$$0000002E)
    .ARM.Collect$$libinit$$00000030          0x08000218   Section        0  libinit2.o(.ARM.Collect$$libinit$$00000030)
    .ARM.Collect$$libinit$$00000032          0x08000218   Section        0  libinit2.o(.ARM.Collect$$libinit$$00000032)
    .ARM.Collect$$libinit$$00000034          0x08000218   Section        0  libinit2.o(.ARM.Collect$$libinit$$00000034)
    .ARM.Collect$$libinit$$00000035          0x08000218   Section        2  libinit2.o(.ARM.Collect$$libinit$$00000035)
    .ARM.Collect$$libshutdown$$00000000      0x0800021a   Section        2  libshutdown.o(.ARM.Collect$$libshutdown$$00000000)
    .ARM.Collect$$libshutdown$$00000002      0x0800021c   Section        0  libshutdown2.o(.ARM.Collect$$libshutdown$$00000002)
    .ARM.Collect$$libshutdown$$00000003      0x0800021c   Section        4  libshutdown2.o(.ARM.Collect$$libshutdown$$00000003)
    .ARM.Collect$$libshutdown$$00000004      0x08000220   Section        0  libshutdown2.o(.ARM.Collect$$libshutdown$$00000004)
    .ARM.Collect$$libshutdown$$00000007      0x08000220   Section        0  libshutdown2.o(.ARM.Collect$$libshutdown$$00000007)
    .ARM.Collect$$libshutdown$$0000000A      0x08000220   Section        0  libshutdown2.o(.ARM.Collect$$libshutdown$$0000000A)
    .ARM.Collect$$libshutdown$$0000000C      0x08000220   Section        0  libshutdown2.o(.ARM.Collect$$libshutdown$$0000000C)
    .ARM.Collect$$libshutdown$$0000000F      0x08000220   Section        0  libshutdown2.o(.ARM.Collect$$libshutdown$$0000000F)
    .ARM.Collect$$libshutdown$$00000010      0x08000220   Section        2  libshutdown2.o(.ARM.Collect$$libshutdown$$00000010)
    .ARM.Collect$$rtentry$$00000000          0x08000222   Section        0  __rtentry.o(.ARM.Collect$$rtentry$$00000000)
    .ARM.Collect$$rtentry$$00000002          0x08000222   Section        0  __rtentry2.o(.ARM.Collect$$rtentry$$00000002)
    .ARM.Collect$$rtentry$$00000004          0x08000222   Section        6  __rtentry4.o(.ARM.Collect$$rtentry$$00000004)
    .ARM.Collect$$rtentry$$00000009          0x08000228   Section        0  __rtentry2.o(.ARM.Collect$$rtentry$$00000009)
    .ARM.Collect$$rtentry$$0000000A          0x08000228   Section        4  __rtentry2.o(.ARM.Collect$$rtentry$$0000000A)
    .ARM.Collect$$rtentry$$0000000C          0x0800022c   Section        0  __rtentry2.o(.ARM.Collect$$rtentry$$0000000C)
    .ARM.Collect$$rtentry$$0000000D          0x0800022c   Section        8  __rtentry2.o(.ARM.Collect$$rtentry$$0000000D)
    .ARM.Collect$$rtexit$$00000000           0x08000234   Section        2  rtexit.o(.ARM.Collect$$rtexit$$00000000)
    .ARM.Collect$$rtexit$$00000002           0x08000236   Section        0  rtexit2.o(.ARM.Collect$$rtexit$$00000002)
    .ARM.Collect$$rtexit$$00000003           0x08000236   Section        4  rtexit2.o(.ARM.Collect$$rtexit$$00000003)
    .ARM.Collect$$rtexit$$00000004           0x0800023a   Section        6  rtexit2.o(.ARM.Collect$$rtexit$$00000004)
    $v0                                      0x08000240   Number         0  startup_stm32f407xx.o(.text)
    .text                                    0x08000240   Section       64  startup_stm32f407xx.o(.text)
    .text                                    0x08000280   Section      240  lludivv7m.o(.text)
    .text                                    0x08000370   Section        0  noretval__2printf.o(.text)
    .text                                    0x08000388   Section        0  noretval__2sprintf.o(.text)
    .text                                    0x080003b0   Section        0  __printf.o(.text)
    .text                                    0x08000418   Section        0  _printf_dec.o(.text)
    .text                                    0x08000490   Section      124  strcmpv7em.o(.text)
    .text                                    0x0800050c   Section        0  heapauxi.o(.text)
    .text                                    0x08000512   Section        0  _printf_intcommon.o(.text)
    _printf_input_char                       0x080005c5   Thumb Code    10  _printf_char_common.o(.text)
    .text                                    0x080005c4   Section        0  _printf_char_common.o(.text)
    .text                                    0x080005f4   Section        0  _sputc.o(.text)
    .text                                    0x08000600   Section        0  _printf_char_file.o(.text)
    .text                                    0x08000624   Section        0  ferror.o(.text)
    .text                                    0x0800062c   Section        0  initio.o(.text)
    .text                                    0x08000764   Section       74  sys_stackheap_outer.o(.text)
    .text                                    0x080007ae   Section        0  h1_free.o(.text)
    .text                                    0x080007fc   Section        0  setvbuf.o(.text)
    _freopen_locked                          0x08000845   Thumb Code     0  fopen.o(.text)
    .text                                    0x08000844   Section        0  fopen.o(.text)
    .text                                    0x08000934   Section        0  fclose.o(.text)
    .text                                    0x08000980   Section        0  exit.o(.text)
    .text                                    0x08000992   Section        0  defsig_rtred_outer.o(.text)
    .text                                    0x080009a0   Section       78  rt_memclr_w.o(.text)
    .text                                    0x080009f0   Section        8  libspace.o(.text)
    .text                                    0x080009f8   Section        8  rt_heap_descriptor_intlibspace.o(.text)
    .text                                    0x08000a00   Section        0  hguard.o(.text)
    .text                                    0x08000a04   Section        0  init_alloc.o(.text)
    .text                                    0x08000a8e   Section        0  h1_alloc.o(.text)
    .text                                    0x08000aec   Section        0  fseek.o(.text)
    .text                                    0x08000be4   Section        0  stdio.o(.text)
    .text                                    0x08000cec   Section        0  defsig_exit.o(.text)
    .text                                    0x08000cf8   Section        0  defsig_rtred_inner.o(.text)
    .text                                    0x08000d2c   Section        0  sys_exit.o(.text)
    .text                                    0x08000d38   Section        0  maybetermalloc1.o(.text)
    .text                                    0x08000d38   Section        0  h1_init.o(.text)
    .text                                    0x08000d46   Section        0  h1_extend.o(.text)
    .text                                    0x08000d7a   Section        0  ftell.o(.text)
    .text                                    0x08000dbc   Section        0  defsig_general.o(.text)
    .text                                    0x08000dee   Section        0  defsig_rtmem_outer.o(.text)
    .text                                    0x08000dfc   Section        0  sys_wrch.o(.text)
    .text                                    0x08000e0a   Section        2  use_no_semi.o(.text)
    .text                                    0x08000e0c   Section        0  indicate_semi.o(.text)
    .text                                    0x08000e0c   Section        8  rt_errno_addr_intlibspace.o(.text)
    .text                                    0x08000e14   Section        0  defsig_rtmem_inner.o(.text)
    [Anonymous Symbol]                       0x08000e64   Section        0  stm32f4xx_it.o(.text.BusFault_Handler)
    [Anonymous Symbol]                       0x08000e68   Section        0  stm32f4xx_it.o(.text.DebugMon_Handler)
    [Anonymous Symbol]                       0x08000e6c   Section        0  main.o(.text.Error_Handler)
    [Anonymous Symbol]                       0x08000e78   Section        0  stm32f4xx_hal.o(.text.HAL_Delay)
    [Anonymous Symbol]                       0x08000ea0   Section        0  stm32f4xx_hal_gpio.o(.text.HAL_GPIO_Init)
    [Anonymous Symbol]                       0x08001048   Section        0  stm32f4xx_hal.o(.text.HAL_GetTick)
    [Anonymous Symbol]                       0x08001054   Section        0  stm32f4xx_hal_i2c.o(.text.HAL_I2C_Init)
    [Anonymous Symbol]                       0x080011cc   Section        0  stm32f4xx_hal_i2c.o(.text.HAL_I2C_Master_Transmit)
    [Anonymous Symbol]                       0x08001644   Section        0  i2c.o(.text.HAL_I2C_MspInit)
    [Anonymous Symbol]                       0x0800171c   Section        0  stm32f4xx_hal.o(.text.HAL_IncTick)
    [Anonymous Symbol]                       0x08001738   Section        0  stm32f4xx_hal.o(.text.HAL_Init)
    [Anonymous Symbol]                       0x08001770   Section        0  stm32f4xx_hal.o(.text.HAL_InitTick)
    [Anonymous Symbol]                       0x080017b8   Section        0  stm32f4xx_hal_msp.o(.text.HAL_MspInit)
    [Anonymous Symbol]                       0x080017f0   Section        0  stm32f4xx_hal_cortex.o(.text.HAL_NVIC_EnableIRQ)
    [Anonymous Symbol]                       0x08001818   Section        0  stm32f4xx_hal_cortex.o(.text.HAL_NVIC_SetPriority)
    [Anonymous Symbol]                       0x08001870   Section        0  stm32f4xx_hal_cortex.o(.text.HAL_NVIC_SetPriorityGrouping)
    [Anonymous Symbol]                       0x08001890   Section        0  stm32f4xx_hal_rcc.o(.text.HAL_RCC_ClockConfig)
    [Anonymous Symbol]                       0x080019f0   Section        0  stm32f4xx_hal_rcc.o(.text.HAL_RCC_GetPCLK1Freq)
    [Anonymous Symbol]                       0x08001a18   Section        0  stm32f4xx_hal_rcc.o(.text.HAL_RCC_GetPCLK2Freq)
    [Anonymous Symbol]                       0x08001a40   Section        0  stm32f4xx_hal_rcc.o(.text.HAL_RCC_GetSysClockFreq)
    [Anonymous Symbol]                       0x08001aac   Section        0  stm32f4xx_hal_rcc.o(.text.HAL_RCC_OscConfig)
    [Anonymous Symbol]                       0x08001e20   Section        0  stm32f4xx_hal_cortex.o(.text.HAL_SYSTICK_Config)
    [Anonymous Symbol]                       0x08001e4c   Section        0  stm32f4xx_hal_tim_ex.o(.text.HAL_TIMEx_BreakCallback)
    [Anonymous Symbol]                       0x08001e50   Section        0  stm32f4xx_hal_tim_ex.o(.text.HAL_TIMEx_CommutCallback)
    [Anonymous Symbol]                       0x08001e54   Section        0  stm32f4xx_hal_tim_ex.o(.text.HAL_TIMEx_ConfigBreakDeadTime)
    [Anonymous Symbol]                       0x08001ea0   Section        0  stm32f4xx_hal_tim_ex.o(.text.HAL_TIMEx_MasterConfigSynchronization)
    [Anonymous Symbol]                       0x08001f58   Section        0  stm32f4xx_hal_tim.o(.text.HAL_TIM_Base_Init)
    [Anonymous Symbol]                       0x08001fb4   Section        0  tim.o(.text.HAL_TIM_Base_MspInit)
    [Anonymous Symbol]                       0x08002020   Section        0  stm32f4xx_hal_tim.o(.text.HAL_TIM_ConfigClockSource)
    [Anonymous Symbol]                       0x080021bc   Section        0  stm32f4xx_hal_tim.o(.text.HAL_TIM_IC_CaptureCallback)
    [Anonymous Symbol]                       0x080021c0   Section        0  stm32f4xx_hal_tim.o(.text.HAL_TIM_IRQHandler)
    [Anonymous Symbol]                       0x08002330   Section        0  stm32f4xx_hal_tim.o(.text.HAL_TIM_OC_ConfigChannel)
    [Anonymous Symbol]                       0x080024e4   Section        0  main.o(.text.HAL_TIM_OC_DelayElapsedCallback)
    [Anonymous Symbol]                       0x08002594   Section        0  stm32f4xx_hal_tim.o(.text.HAL_TIM_OC_Init)
    [Anonymous Symbol]                       0x080025f0   Section        0  stm32f4xx_hal_tim.o(.text.HAL_TIM_OC_MspInit)
    [Anonymous Symbol]                       0x080025f4   Section        0  stm32f4xx_hal_tim.o(.text.HAL_TIM_OC_Start_IT)
    [Anonymous Symbol]                       0x0800274c   Section        0  stm32f4xx_hal_tim.o(.text.HAL_TIM_PWM_ConfigChannel)
    [Anonymous Symbol]                       0x08002970   Section        0  stm32f4xx_hal_tim.o(.text.HAL_TIM_PWM_Init)
    [Anonymous Symbol]                       0x080029cc   Section        0  stm32f4xx_hal_tim.o(.text.HAL_TIM_PWM_MspInit)
    [Anonymous Symbol]                       0x080029d0   Section        0  stm32f4xx_hal_tim.o(.text.HAL_TIM_PWM_PulseFinishedCallback)
    [Anonymous Symbol]                       0x080029d4   Section        0  stm32f4xx_hal_tim.o(.text.HAL_TIM_PWM_Start)
    [Anonymous Symbol]                       0x08002ae8   Section        0  stm32f4xx_hal_tim.o(.text.HAL_TIM_PeriodElapsedCallback)
    [Anonymous Symbol]                       0x08002aec   Section        0  stm32f4xx_hal_tim.o(.text.HAL_TIM_TriggerCallback)
    [Anonymous Symbol]                       0x08002af0   Section        0  stm32f4xx_hal_uart.o(.text.HAL_UART_Init)
    [Anonymous Symbol]                       0x08002b50   Section        0  usart.o(.text.HAL_UART_MspInit)
    [Anonymous Symbol]                       0x08002bbc   Section        0  stm32f4xx_hal_uart.o(.text.HAL_UART_Transmit)
    [Anonymous Symbol]                       0x08002e44   Section        0  stm32f4xx_it.o(.text.HardFault_Handler)
    [Anonymous Symbol]                       0x08002e48   Section        0  gpio.o(.text.MX_GPIO_Init)
    [Anonymous Symbol]                       0x08002ea8   Section        0  i2c.o(.text.MX_I2C1_Init)
    [Anonymous Symbol]                       0x08002eec   Section        0  i2c.o(.text.MX_I2C2_Init)
    [Anonymous Symbol]                       0x08002f30   Section        0  tim.o(.text.MX_TIM1_Init)
    [Anonymous Symbol]                       0x080030a8   Section        0  tim.o(.text.MX_TIM2_Init)
    [Anonymous Symbol]                       0x08003200   Section        0  usart.o(.text.MX_USART2_UART_Init)
    [Anonymous Symbol]                       0x0800323c   Section        0  stm32f4xx_it.o(.text.MemManage_Handler)
    [Anonymous Symbol]                       0x08003240   Section        0  stm32f4xx_it.o(.text.NMI_Handler)
    [Anonymous Symbol]                       0x08003244   Section        0  stm32f4xx_it.o(.text.PendSV_Handler)
    [Anonymous Symbol]                       0x08003248   Section        0  stm32f4xx_it.o(.text.SVC_Handler)
    [Anonymous Symbol]                       0x0800324c   Section        0  stm32f4xx_it.o(.text.SysTick_Handler)
    [Anonymous Symbol]                       0x08003250   Section        0  main.o(.text.SystemClock_Config)
    [Anonymous Symbol]                       0x08003300   Section        0  system_stm32f4xx.o(.text.SystemInit)
    [Anonymous Symbol]                       0x08003314   Section        0  stm32f4xx_it.o(.text.TIM2_IRQHandler)
    [Anonymous Symbol]                       0x08003320   Section        0  stm32f4xx_hal_tim.o(.text.TIM_Base_SetConfig)
    UART_SetConfig                           0x0800345d   Thumb Code   238  stm32f4xx_hal_uart.o(.text.UART_SetConfig)
    [Anonymous Symbol]                       0x0800345c   Section        0  stm32f4xx_hal_uart.o(.text.UART_SetConfig)
    [Anonymous Symbol]                       0x0800354c   Section        0  stm32f4xx_it.o(.text.UsageFault_Handler)
    [Anonymous Symbol]                       0x08003550   Section        0  retarget_io.o(.text._sys_close)
    [Anonymous Symbol]                       0x08003564   Section        0  retarget_io.o(.text._sys_flen)
    [Anonymous Symbol]                       0x08003568   Section        0  retarget_io.o(.text._sys_istty)
    [Anonymous Symbol]                       0x08003578   Section        0  retarget_io.o(.text._sys_open)
    [Anonymous Symbol]                       0x080035dc   Section        0  retarget_io.o(.text._sys_seek)
    [Anonymous Symbol]                       0x080035e4   Section        0  retarget_io.o(.text._sys_write)
    [Anonymous Symbol]                       0x08003970   Section        0  main.o(.text.fputc)
    [Anonymous Symbol]                       0x08003990   Section        0  i2c-lcd_1.o(.text.lcd_init)
    [Anonymous Symbol]                       0x08003aa8   Section        0  i2c-lcd_1.o(.text.lcd_put_cur)
    [Anonymous Symbol]                       0x08003b18   Section        0  i2c-lcd_1.o(.text.lcd_send_data)
    [Anonymous Symbol]                       0x08003b5c   Section        0  i2c-lcd_1.o(.text.lcd_send_string)
    [Anonymous Symbol]                       0x08003bb4   Section        0  main.o(.text.main)
    $v0                                      0x08003d80   Number         0  fpinit.o(x$fpl$fpinit)
    x$fpl$fpinit                             0x08003d80   Section       26  fpinit.o(x$fpl$fpinit)
    .Lswitch.table.HAL_TIM_IC_Start_IT       0x08003dcc   Data          16  stm32f4xx_hal_tim.o(.rodata.cst16)
    .Lswitch.table.HAL_TIM_IC_Stop_IT        0x08003ddc   Data          16  stm32f4xx_hal_tim.o(.rodata.cst16)
    .L.str.1                                 0x08003dec   Data           2  main.o(.rodata.str1.1)
    [Anonymous Symbol]                       0x08003dec   Section        0  main.o(.rodata.str1.1)
    .data                                    0x20000000   Section        4  stdio_streams.o(.data)
    .data                                    0x20000004   Section        4  stdio_streams.o(.data)
    .data                                    0x20000008   Section        4  stdio_streams.o(.data)
    .L_MergedGlobals                         0x2000000c   Data           8  stm32f4xx_hal.o(.data..L_MergedGlobals)
    [Anonymous Symbol]                       0x2000000c   Section        0  stm32f4xx_hal.o(.data..L_MergedGlobals)
    .bss                                     0x20000020   Section       84  stdio_streams.o(.bss)
    .bss                                     0x20000074   Section       84  stdio_streams.o(.bss)
    .bss                                     0x200000c8   Section       84  stdio_streams.o(.bss)
    .bss                                     0x2000011c   Section       96  libspace.o(.bss)
    .L_MergedGlobals                         0x2000017c   Data          48  main.o(.bss..L_MergedGlobals)
    [Anonymous Symbol]                       0x2000017c   Section        0  main.o(.bss..L_MergedGlobals)
    Heap_Mem                                 0x20000330   Data         512  startup_stm32f407xx.o(HEAP)
    HEAP                                     0x20000330   Section      512  startup_stm32f407xx.o(HEAP)
    Stack_Mem                                0x20000530   Data        1024  startup_stm32f407xx.o(STACK)
    STACK                                    0x20000530   Section     1024  startup_stm32f407xx.o(STACK)
    __initial_sp                             0x20000930   Data           0  startup_stm32f407xx.o(STACK)

    Global Symbols

    Symbol Name                              Value     Ov Type        Size  Object(Section)

    BuildAttributes$$THM_ISAv4$E$P$D$K$B$S$7EM$VFPi3$EXTD16$VFPS$VFMA$PE$A:L22UL41UL21$X:L11$S22US41US21$IEEE1$IW$~IW$USESV6$~STKCKD$USESV7$~SHL$OTIME$ROPI$EBA8$UX$STANDARDLIB$REQ8$PRES8$EABIv2 0x00000000   Number         0  anon$$obj.o ABSOLUTE
    __ARM_exceptions_init                     - Undefined Weak Reference
    __alloca_initialize                       - Undefined Weak Reference
    __arm_preinit_                            - Undefined Weak Reference
    __arm_relocate_pie_                       - Undefined Weak Reference
    __cpp_initialize__aeabi_                  - Undefined Weak Reference
    __cxa_finalize                            - Undefined Weak Reference
    __rt_locale                               - Undefined Weak Reference
    __sigvec_lookup                           - Undefined Weak Reference
    __user_heap_extent                        - Undefined Weak Reference
    _atexit_init                              - Undefined Weak Reference
    _call_atexit_fns                          - Undefined Weak Reference
    _clock_init                               - Undefined Weak Reference
    _fp_trap_init                             - Undefined Weak Reference
    _fp_trap_shutdown                         - Undefined Weak Reference
    _get_lc_collate                           - Undefined Weak Reference
    _get_lc_ctype                             - Undefined Weak Reference
    _get_lc_monetary                          - Undefined Weak Reference
    _get_lc_numeric                           - Undefined Weak Reference
    _get_lc_time                              - Undefined Weak Reference
    _getenv_init                              - Undefined Weak Reference
    _handle_redirection                       - Undefined Weak Reference
    _mutex_acquire                            - Undefined Weak Reference
    _mutex_free                               - Undefined Weak Reference
    _mutex_release                            - Undefined Weak Reference
    _printf_post_padding                      - Undefined Weak Reference
    _printf_pre_padding                       - Undefined Weak Reference
    _printf_truncate_signed                   - Undefined Weak Reference
    _printf_truncate_unsigned                 - Undefined Weak Reference
    _rand_init                                - Undefined Weak Reference
    _signal_finish                            - Undefined Weak Reference
    _signal_init                              - Undefined Weak Reference
    __Vectors_Size                           0x00000188   Number         0  startup_stm32f407xx.o ABSOLUTE
    __Vectors                                0x08000000   Data           4  startup_stm32f407xx.o(RESET)
    __Vectors_End                            0x08000188   Data           0  startup_stm32f407xx.o(RESET)
    __main                                   0x08000189   Thumb Code     8  __main.o(!!!main)
    __scatterload                            0x08000191   Thumb Code     0  __scatter.o(!!!scatter)
    __scatterload_rt2                        0x08000191   Thumb Code    44  __scatter.o(!!!scatter)
    __scatterload_rt2_thumb_only             0x08000191   Thumb Code     0  __scatter.o(!!!scatter)
    __scatterload_null                       0x0800019f   Thumb Code     0  __scatter.o(!!!scatter)
    __scatterload_copy                       0x080001c5   Thumb Code    26  __scatter_copy.o(!!handler_copy)
    __scatterload_zeroinit                   0x080001e1   Thumb Code    28  __scatter_zi.o(!!handler_zi)
    _printf_d                                0x080001fd   Thumb Code     0  _printf_d.o(.ARM.Collect$$_printf_percent$$00000009)
    _printf_percent                          0x080001fd   Thumb Code     0  _printf_percent.o(.ARM.Collect$$_printf_percent$$00000000)
    _printf_percent_end                      0x08000203   Thumb Code     0  _printf_percent_end.o(.ARM.Collect$$_printf_percent$$00000017)
    __rt_lib_init                            0x08000207   Thumb Code     0  libinit.o(.ARM.Collect$$libinit$$00000000)
    __rt_lib_init_fp_1                       0x08000209   Thumb Code     0  libinit2.o(.ARM.Collect$$libinit$$00000001)
    __rt_lib_init_heap_2                     0x0800020d   Thumb Code     0  libinit2.o(.ARM.Collect$$libinit$$00000007)
    __rt_lib_init_preinit_1                  0x0800020d   Thumb Code     0  libinit2.o(.ARM.Collect$$libinit$$00000006)
    __rt_lib_init_relocate_pie_1             0x0800020d   Thumb Code     0  libinit2.o(.ARM.Collect$$libinit$$00000004)
    __rt_lib_init_atexit_1                   0x08000215   Thumb Code     0  libinit2.o(.ARM.Collect$$libinit$$0000001D)
    __rt_lib_init_clock_1                    0x08000215   Thumb Code     0  libinit2.o(.ARM.Collect$$libinit$$00000023)
    __rt_lib_init_fp_trap_1                  0x08000215   Thumb Code     0  libinit2.o(.ARM.Collect$$libinit$$00000021)
    __rt_lib_init_getenv_1                   0x08000215   Thumb Code     0  libinit2.o(.ARM.Collect$$libinit$$00000025)
    __rt_lib_init_heap_1                     0x08000215   Thumb Code     0  libinit2.o(.ARM.Collect$$libinit$$0000000C)
    __rt_lib_init_lc_collate_1               0x08000215   Thumb Code     0  libinit2.o(.ARM.Collect$$libinit$$00000013)
    __rt_lib_init_lc_ctype_1                 0x08000215   Thumb Code     0  libinit2.o(.ARM.Collect$$libinit$$00000015)
    __rt_lib_init_lc_monetary_1              0x08000215   Thumb Code     0  libinit2.o(.ARM.Collect$$libinit$$00000017)
    __rt_lib_init_lc_numeric_1               0x08000215   Thumb Code     0  libinit2.o(.ARM.Collect$$libinit$$00000019)
    __rt_lib_init_lc_time_1                  0x08000215   Thumb Code     0  libinit2.o(.ARM.Collect$$libinit$$0000001B)
    __rt_lib_init_rand_1                     0x08000215   Thumb Code     0  libinit2.o(.ARM.Collect$$libinit$$00000010)
    __rt_lib_init_signal_1                   0x08000215   Thumb Code     0  libinit2.o(.ARM.Collect$$libinit$$0000001F)
    __rt_lib_init_stdio_2                    0x08000215   Thumb Code     0  libinit2.o(.ARM.Collect$$libinit$$00000026)
    __rt_lib_init_user_alloc_1               0x08000215   Thumb Code     0  libinit2.o(.ARM.Collect$$libinit$$0000000E)
    __rt_lib_init_alloca_1                   0x08000219   Thumb Code     0  libinit2.o(.ARM.Collect$$libinit$$00000030)
    __rt_lib_init_argv_1                     0x08000219   Thumb Code     0  libinit2.o(.ARM.Collect$$libinit$$0000002E)
    __rt_lib_init_cpp_1                      0x08000219   Thumb Code     0  libinit2.o(.ARM.Collect$$libinit$$00000034)
    __rt_lib_init_exceptions_1               0x08000219   Thumb Code     0  libinit2.o(.ARM.Collect$$libinit$$00000032)
    __rt_lib_init_return                     0x08000219   Thumb Code     0  libinit2.o(.ARM.Collect$$libinit$$00000035)
    __rt_lib_init_stdio_1                    0x08000219   Thumb Code     0  libinit2.o(.ARM.Collect$$libinit$$00000027)
    __rt_lib_shutdown                        0x0800021b   Thumb Code     0  libshutdown.o(.ARM.Collect$$libshutdown$$00000000)
    __rt_lib_shutdown_cpp_1                  0x0800021d   Thumb Code     0  libshutdown2.o(.ARM.Collect$$libshutdown$$00000002)
    __rt_lib_shutdown_stdio_2                0x0800021d   Thumb Code     0  libshutdown2.o(.ARM.Collect$$libshutdown$$00000003)
    __rt_lib_shutdown_fp_trap_1              0x08000221   Thumb Code     0  libshutdown2.o(.ARM.Collect$$libshutdown$$00000007)
    __rt_lib_shutdown_heap_1                 0x08000221   Thumb Code     0  libshutdown2.o(.ARM.Collect$$libshutdown$$0000000F)
    __rt_lib_shutdown_return                 0x08000221   Thumb Code     0  libshutdown2.o(.ARM.Collect$$libshutdown$$00000010)
    __rt_lib_shutdown_signal_1               0x08000221   Thumb Code     0  libshutdown2.o(.ARM.Collect$$libshutdown$$0000000A)
    __rt_lib_shutdown_stdio_1                0x08000221   Thumb Code     0  libshutdown2.o(.ARM.Collect$$libshutdown$$00000004)
    __rt_lib_shutdown_user_alloc_1           0x08000221   Thumb Code     0  libshutdown2.o(.ARM.Collect$$libshutdown$$0000000C)
    __rt_entry                               0x08000223   Thumb Code     0  __rtentry.o(.ARM.Collect$$rtentry$$00000000)
    __rt_entry_presh_1                       0x08000223   Thumb Code     0  __rtentry2.o(.ARM.Collect$$rtentry$$00000002)
    __rt_entry_sh                            0x08000223   Thumb Code     0  __rtentry4.o(.ARM.Collect$$rtentry$$00000004)
    __rt_entry_li                            0x08000229   Thumb Code     0  __rtentry2.o(.ARM.Collect$$rtentry$$0000000A)
    __rt_entry_postsh_1                      0x08000229   Thumb Code     0  __rtentry2.o(.ARM.Collect$$rtentry$$00000009)
    __rt_entry_main                          0x0800022d   Thumb Code     0  __rtentry2.o(.ARM.Collect$$rtentry$$0000000D)
    __rt_entry_postli_1                      0x0800022d   Thumb Code     0  __rtentry2.o(.ARM.Collect$$rtentry$$0000000C)
    __rt_exit                                0x08000235   Thumb Code     0  rtexit.o(.ARM.Collect$$rtexit$$00000000)
    __rt_exit_ls                             0x08000237   Thumb Code     0  rtexit2.o(.ARM.Collect$$rtexit$$00000003)
    __rt_exit_prels_1                        0x08000237   Thumb Code     0  rtexit2.o(.ARM.Collect$$rtexit$$00000002)
    __rt_exit_exit                           0x0800023b   Thumb Code     0  rtexit2.o(.ARM.Collect$$rtexit$$00000004)
    Reset_Handler                            0x08000241   Thumb Code     8  startup_stm32f407xx.o(.text)
    ADC_IRQHandler                           0x0800025b   Thumb Code     0  startup_stm32f407xx.o(.text)
    CAN1_RX0_IRQHandler                      0x0800025b   Thumb Code     0  startup_stm32f407xx.o(.text)
    CAN1_RX1_IRQHandler                      0x0800025b   Thumb Code     0  startup_stm32f407xx.o(.text)
    CAN1_SCE_IRQHandler                      0x0800025b   Thumb Code     0  startup_stm32f407xx.o(.text)
    CAN1_TX_IRQHandler                       0x0800025b   Thumb Code     0  startup_stm32f407xx.o(.text)
    CAN2_RX0_IRQHandler                      0x0800025b   Thumb Code     0  startup_stm32f407xx.o(.text)
    CAN2_RX1_IRQHandler                      0x0800025b   Thumb Code     0  startup_stm32f407xx.o(.text)
    CAN2_SCE_IRQHandler                      0x0800025b   Thumb Code     0  startup_stm32f407xx.o(.text)
    CAN2_TX_IRQHandler                       0x0800025b   Thumb Code     0  startup_stm32f407xx.o(.text)
    DCMI_IRQHandler                          0x0800025b   Thumb Code     0  startup_stm32f407xx.o(.text)
    DMA1_Stream0_IRQHandler                  0x0800025b   Thumb Code     0  startup_stm32f407xx.o(.text)
    DMA1_Stream1_IRQHandler                  0x0800025b   Thumb Code     0  startup_stm32f407xx.o(.text)
    DMA1_Stream2_IRQHandler                  0x0800025b   Thumb Code     0  startup_stm32f407xx.o(.text)
    DMA1_Stream3_IRQHandler                  0x0800025b   Thumb Code     0  startup_stm32f407xx.o(.text)
    DMA1_Stream4_IRQHandler                  0x0800025b   Thumb Code     0  startup_stm32f407xx.o(.text)
    DMA1_Stream5_IRQHandler                  0x0800025b   Thumb Code     0  startup_stm32f407xx.o(.text)
    DMA1_Stream6_IRQHandler                  0x0800025b   Thumb Code     0  startup_stm32f407xx.o(.text)
    DMA1_Stream7_IRQHandler                  0x0800025b   Thumb Code     0  startup_stm32f407xx.o(.text)
    DMA2_Stream0_IRQHandler                  0x0800025b   Thumb Code     0  startup_stm32f407xx.o(.text)
    DMA2_Stream1_IRQHandler                  0x0800025b   Thumb Code     0  startup_stm32f407xx.o(.text)
    DMA2_Stream2_IRQHandler                  0x0800025b   Thumb Code     0  startup_stm32f407xx.o(.text)
    DMA2_Stream3_IRQHandler                  0x0800025b   Thumb Code     0  startup_stm32f407xx.o(.text)
    DMA2_Stream4_IRQHandler                  0x0800025b   Thumb Code     0  startup_stm32f407xx.o(.text)
    DMA2_Stream5_IRQHandler                  0x0800025b   Thumb Code     0  startup_stm32f407xx.o(.text)
    DMA2_Stream6_IRQHandler                  0x0800025b   Thumb Code     0  startup_stm32f407xx.o(.text)
    DMA2_Stream7_IRQHandler                  0x0800025b   Thumb Code     0  startup_stm32f407xx.o(.text)
    ETH_IRQHandler                           0x0800025b   Thumb Code     0  startup_stm32f407xx.o(.text)
    ETH_WKUP_IRQHandler                      0x0800025b   Thumb Code     0  startup_stm32f407xx.o(.text)
    EXTI0_IRQHandler                         0x0800025b   Thumb Code     0  startup_stm32f407xx.o(.text)
    EXTI15_10_IRQHandler                     0x0800025b   Thumb Code     0  startup_stm32f407xx.o(.text)
    EXTI1_IRQHandler                         0x0800025b   Thumb Code     0  startup_stm32f407xx.o(.text)
    EXTI2_IRQHandler                         0x0800025b   Thumb Code     0  startup_stm32f407xx.o(.text)
    EXTI3_IRQHandler                         0x0800025b   Thumb Code     0  startup_stm32f407xx.o(.text)
    EXTI4_IRQHandler                         0x0800025b   Thumb Code     0  startup_stm32f407xx.o(.text)
    EXTI9_5_IRQHandler                       0x0800025b   Thumb Code     0  startup_stm32f407xx.o(.text)
    FLASH_IRQHandler                         0x0800025b   Thumb Code     0  startup_stm32f407xx.o(.text)
    FMC_IRQHandler                           0x0800025b   Thumb Code     0  startup_stm32f407xx.o(.text)
    FPU_IRQHandler                           0x0800025b   Thumb Code     0  startup_stm32f407xx.o(.text)
    HASH_RNG_IRQHandler                      0x0800025b   Thumb Code     0  startup_stm32f407xx.o(.text)
    I2C1_ER_IRQHandler                       0x0800025b   Thumb Code     0  startup_stm32f407xx.o(.text)
    I2C1_EV_IRQHandler                       0x0800025b   Thumb Code     0  startup_stm32f407xx.o(.text)
    I2C2_ER_IRQHandler                       0x0800025b   Thumb Code     0  startup_stm32f407xx.o(.text)
    I2C2_EV_IRQHandler                       0x0800025b   Thumb Code     0  startup_stm32f407xx.o(.text)
    I2C3_ER_IRQHandler                       0x0800025b   Thumb Code     0  startup_stm32f407xx.o(.text)
    I2C3_EV_IRQHandler                       0x0800025b   Thumb Code     0  startup_stm32f407xx.o(.text)
    OTG_FS_IRQHandler                        0x0800025b   Thumb Code     0  startup_stm32f407xx.o(.text)
    OTG_FS_WKUP_IRQHandler                   0x0800025b   Thumb Code     0  startup_stm32f407xx.o(.text)
    OTG_HS_EP1_IN_IRQHandler                 0x0800025b   Thumb Code     0  startup_stm32f407xx.o(.text)
    OTG_HS_EP1_OUT_IRQHandler                0x0800025b   Thumb Code     0  startup_stm32f407xx.o(.text)
    OTG_HS_IRQHandler                        0x0800025b   Thumb Code     0  startup_stm32f407xx.o(.text)
    OTG_HS_WKUP_IRQHandler                   0x0800025b   Thumb Code     0  startup_stm32f407xx.o(.text)
    PVD_IRQHandler                           0x0800025b   Thumb Code     0  startup_stm32f407xx.o(.text)
    RCC_IRQHandler                           0x0800025b   Thumb Code     0  startup_stm32f407xx.o(.text)
    RTC_Alarm_IRQHandler                     0x0800025b   Thumb Code     0  startup_stm32f407xx.o(.text)
    RTC_WKUP_IRQHandler                      0x0800025b   Thumb Code     0  startup_stm32f407xx.o(.text)
    SDIO_IRQHandler                          0x0800025b   Thumb Code     0  startup_stm32f407xx.o(.text)
    SPI1_IRQHandler                          0x0800025b   Thumb Code     0  startup_stm32f407xx.o(.text)
    SPI2_IRQHandler                          0x0800025b   Thumb Code     0  startup_stm32f407xx.o(.text)
    SPI3_IRQHandler                          0x0800025b   Thumb Code     0  startup_stm32f407xx.o(.text)
    TAMP_STAMP_IRQHandler                    0x0800025b   Thumb Code     0  startup_stm32f407xx.o(.text)
    TIM1_BRK_TIM9_IRQHandler                 0x0800025b   Thumb Code     0  startup_stm32f407xx.o(.text)
    TIM1_CC_IRQHandler                       0x0800025b   Thumb Code     0  startup_stm32f407xx.o(.text)
    TIM1_TRG_COM_TIM11_IRQHandler            0x0800025b   Thumb Code     0  startup_stm32f407xx.o(.text)
    TIM1_UP_TIM10_IRQHandler                 0x0800025b   Thumb Code     0  startup_stm32f407xx.o(.text)
    TIM3_IRQHandler                          0x0800025b   Thumb Code     0  startup_stm32f407xx.o(.text)
    TIM4_IRQHandler                          0x0800025b   Thumb Code     0  startup_stm32f407xx.o(.text)
    TIM5_IRQHandler                          0x0800025b   Thumb Code     0  startup_stm32f407xx.o(.text)
    TIM6_DAC_IRQHandler                      0x0800025b   Thumb Code     0  startup_stm32f407xx.o(.text)
    TIM7_IRQHandler                          0x0800025b   Thumb Code     0  startup_stm32f407xx.o(.text)
    TIM8_BRK_TIM12_IRQHandler                0x0800025b   Thumb Code     0  startup_stm32f407xx.o(.text)
    TIM8_CC_IRQHandler                       0x0800025b   Thumb Code     0  startup_stm32f407xx.o(.text)
    TIM8_TRG_COM_TIM14_IRQHandler            0x0800025b   Thumb Code     0  startup_stm32f407xx.o(.text)
    TIM8_UP_TIM13_IRQHandler                 0x0800025b   Thumb Code     0  startup_stm32f407xx.o(.text)
    UART4_IRQHandler                         0x0800025b   Thumb Code     0  startup_stm32f407xx.o(.text)
    UART5_IRQHandler                         0x0800025b   Thumb Code     0  startup_stm32f407xx.o(.text)
    USART1_IRQHandler                        0x0800025b   Thumb Code     0  startup_stm32f407xx.o(.text)
    USART2_IRQHandler                        0x0800025b   Thumb Code     0  startup_stm32f407xx.o(.text)
    USART3_IRQHandler                        0x0800025b   Thumb Code     0  startup_stm32f407xx.o(.text)
    USART6_IRQHandler                        0x0800025b   Thumb Code     0  startup_stm32f407xx.o(.text)
    WWDG_IRQHandler                          0x0800025b   Thumb Code     0  startup_stm32f407xx.o(.text)
    __user_initial_stackheap                 0x0800025d   Thumb Code     0  startup_stm32f407xx.o(.text)
    __aeabi_uldivmod                         0x08000281   Thumb Code     0  lludivv7m.o(.text)
    _ll_udiv                                 0x08000281   Thumb Code   240  lludivv7m.o(.text)
    __2printf                                0x08000371   Thumb Code    20  noretval__2printf.o(.text)
    __2sprintf                               0x08000389   Thumb Code    34  noretval__2sprintf.o(.text)
    __printf                                 0x080003b1   Thumb Code   104  __printf.o(.text)
    _printf_int_dec                          0x08000419   Thumb Code   104  _printf_dec.o(.text)
    strcmp                                   0x08000491   Thumb Code   124  strcmpv7em.o(.text)
    __use_two_region_memory                  0x0800050d   Thumb Code     2  heapauxi.o(.text)
    __rt_heap_escrow                         0x0800050f   Thumb Code     2  heapauxi.o(.text)
    __rt_heap_expand                         0x08000511   Thumb Code     2  heapauxi.o(.text)
    _printf_int_common                       0x08000513   Thumb Code   178  _printf_intcommon.o(.text)
    _printf_char_common                      0x080005cf   Thumb Code    32  _printf_char_common.o(.text)
    _sputc                                   0x080005f5   Thumb Code    10  _sputc.o(.text)
    _printf_char_file                        0x08000601   Thumb Code    32  _printf_char_file.o(.text)
    ferror                                   0x08000625   Thumb Code     8  ferror.o(.text)
    _initio                                  0x0800062d   Thumb Code   210  initio.o(.text)
    _terminateio                             0x080006ff   Thumb Code    56  initio.o(.text)
    __user_setup_stackheap                   0x08000765   Thumb Code    74  sys_stackheap_outer.o(.text)
    free                                     0x080007af   Thumb Code    78  h1_free.o(.text)
    setvbuf                                  0x080007fd   Thumb Code    70  setvbuf.o(.text)
    freopen                                  0x08000845   Thumb Code   160  fopen.o(.text)
    fopen                                    0x080008e5   Thumb Code    74  fopen.o(.text)
    _fclose_internal                         0x08000935   Thumb Code    76  fclose.o(.text)
    fclose                                   0x08000935   Thumb Code     0  fclose.o(.text)
    exit                                     0x08000981   Thumb Code    18  exit.o(.text)
    __rt_SIGRTRED                            0x08000993   Thumb Code    14  defsig_rtred_outer.o(.text)
    __aeabi_memclr4                          0x080009a1   Thumb Code     0  rt_memclr_w.o(.text)
    __aeabi_memclr8                          0x080009a1   Thumb Code     0  rt_memclr_w.o(.text)
    __rt_memclr_w                            0x080009a1   Thumb Code     0  rt_memclr_w.o(.text)
    _memset_w                                0x080009a5   Thumb Code    74  rt_memclr_w.o(.text)
    __user_libspace                          0x080009f1   Thumb Code     8  libspace.o(.text)
    __user_perproc_libspace                  0x080009f1   Thumb Code     0  libspace.o(.text)
    __user_perthread_libspace                0x080009f1   Thumb Code     0  libspace.o(.text)
    __rt_heap_descriptor                     0x080009f9   Thumb Code     8  rt_heap_descriptor_intlibspace.o(.text)
    __use_no_heap                            0x08000a01   Thumb Code     2  hguard.o(.text)
    __heap$guard                             0x08000a03   Thumb Code     2  hguard.o(.text)
    _terminate_user_alloc                    0x08000a05   Thumb Code     2  init_alloc.o(.text)
    _init_user_alloc                         0x08000a07   Thumb Code     2  init_alloc.o(.text)
    __Heap_Full                              0x08000a09   Thumb Code    34  init_alloc.o(.text)
    __Heap_Broken                            0x08000a2b   Thumb Code     6  init_alloc.o(.text)
    _init_alloc                              0x08000a31   Thumb Code    94  init_alloc.o(.text)
    malloc                                   0x08000a8f   Thumb Code    94  h1_alloc.o(.text)
    _fseek                                   0x08000aed   Thumb Code   242  fseek.o(.text)
    fseek                                    0x08000aed   Thumb Code     0  fseek.o(.text)
    _seterr                                  0x08000be5   Thumb Code    20  stdio.o(.text)
    _writebuf                                0x08000bf9   Thumb Code   108  stdio.o(.text)
    _fflush                                  0x08000c65   Thumb Code    70  stdio.o(.text)
    _deferredlazyseek                        0x08000cab   Thumb Code    60  stdio.o(.text)
    __sig_exit                               0x08000ced   Thumb Code    10  defsig_exit.o(.text)
    __rt_SIGRTRED_inner                      0x08000cf9   Thumb Code    14  defsig_rtred_inner.o(.text)
    _sys_exit                                0x08000d2d   Thumb Code     8  sys_exit.o(.text)
    __Heap_Initialize                        0x08000d39   Thumb Code    10  h1_init.o(.text)
    _maybe_terminate_alloc                   0x08000d39   Thumb Code     0  maybetermalloc1.o(.text)
    __Heap_DescSize                          0x08000d43   Thumb Code     4  h1_init.o(.text)
    __Heap_ProvideMemory                     0x08000d47   Thumb Code    52  h1_extend.o(.text)
    _ftell_internal                          0x08000d7b   Thumb Code    66  ftell.o(.text)
    ftell                                    0x08000d7b   Thumb Code     0  ftell.o(.text)
    __default_signal_display                 0x08000dbd   Thumb Code    50  defsig_general.o(.text)
    __rt_SIGRTMEM                            0x08000def   Thumb Code    14  defsig_rtmem_outer.o(.text)
    _ttywrch                                 0x08000dfd   Thumb Code    14  sys_wrch.o(.text)
    __I$use$semihosting                      0x08000e0b   Thumb Code     0  use_no_semi.o(.text)
    __use_no_semihosting_swi                 0x08000e0b   Thumb Code     2  use_no_semi.o(.text)
    __aeabi_errno_addr                       0x08000e0d   Thumb Code     8  rt_errno_addr_intlibspace.o(.text)
    __errno$intlibspace                      0x08000e0d   Thumb Code     0  rt_errno_addr_intlibspace.o(.text)
    __rt_errno_addr$intlibspace              0x08000e0d   Thumb Code     0  rt_errno_addr_intlibspace.o(.text)
    __semihosting_library_function           0x08000e0d   Thumb Code     0  indicate_semi.o(.text)
    __rt_SIGRTMEM_inner                      0x08000e15   Thumb Code    22  defsig_rtmem_inner.o(.text)
    BusFault_Handler                         0x08000e65   Thumb Code     2  stm32f4xx_it.o(.text.BusFault_Handler)
    DebugMon_Handler                         0x08000e69   Thumb Code     2  stm32f4xx_it.o(.text.DebugMon_Handler)
    Error_Handler                            0x08000e6d   Thumb Code    10  main.o(.text.Error_Handler)
    HAL_Delay                                0x08000e79   Thumb Code    40  stm32f4xx_hal.o(.text.HAL_Delay)
    HAL_GPIO_Init                            0x08000ea1   Thumb Code   422  stm32f4xx_hal_gpio.o(.text.HAL_GPIO_Init)
    HAL_GetTick                              0x08001049   Thumb Code    12  stm32f4xx_hal.o(.text.HAL_GetTick)
    HAL_I2C_Init                             0x08001055   Thumb Code   374  stm32f4xx_hal_i2c.o(.text.HAL_I2C_Init)
    HAL_I2C_Master_Transmit                  0x080011cd   Thumb Code  1144  stm32f4xx_hal_i2c.o(.text.HAL_I2C_Master_Transmit)
    HAL_I2C_MspInit                          0x08001645   Thumb Code   214  i2c.o(.text.HAL_I2C_MspInit)
    HAL_IncTick                              0x0800171d   Thumb Code    26  stm32f4xx_hal.o(.text.HAL_IncTick)
    HAL_Init                                 0x08001739   Thumb Code    54  stm32f4xx_hal.o(.text.HAL_Init)
    HAL_InitTick                             0x08001771   Thumb Code    72  stm32f4xx_hal.o(.text.HAL_InitTick)
    HAL_MspInit                              0x080017b9   Thumb Code    56  stm32f4xx_hal_msp.o(.text.HAL_MspInit)
    HAL_NVIC_EnableIRQ                       0x080017f1   Thumb Code    38  stm32f4xx_hal_cortex.o(.text.HAL_NVIC_EnableIRQ)
    HAL_NVIC_SetPriority                     0x08001819   Thumb Code    86  stm32f4xx_hal_cortex.o(.text.HAL_NVIC_SetPriority)
    HAL_NVIC_SetPriorityGrouping             0x08001871   Thumb Code    32  stm32f4xx_hal_cortex.o(.text.HAL_NVIC_SetPriorityGrouping)
    HAL_RCC_ClockConfig                      0x08001891   Thumb Code   352  stm32f4xx_hal_rcc.o(.text.HAL_RCC_ClockConfig)
    HAL_RCC_GetPCLK1Freq                     0x080019f1   Thumb Code    38  stm32f4xx_hal_rcc.o(.text.HAL_RCC_GetPCLK1Freq)
    HAL_RCC_GetPCLK2Freq                     0x08001a19   Thumb Code    38  stm32f4xx_hal_rcc.o(.text.HAL_RCC_GetPCLK2Freq)
    HAL_RCC_GetSysClockFreq                  0x08001a41   Thumb Code   108  stm32f4xx_hal_rcc.o(.text.HAL_RCC_GetSysClockFreq)
    HAL_RCC_OscConfig                        0x08001aad   Thumb Code   884  stm32f4xx_hal_rcc.o(.text.HAL_RCC_OscConfig)
    HAL_SYSTICK_Config                       0x08001e21   Thumb Code    44  stm32f4xx_hal_cortex.o(.text.HAL_SYSTICK_Config)
    HAL_TIMEx_BreakCallback                  0x08001e4d   Thumb Code     2  stm32f4xx_hal_tim_ex.o(.text.HAL_TIMEx_BreakCallback)
    HAL_TIMEx_CommutCallback                 0x08001e51   Thumb Code     2  stm32f4xx_hal_tim_ex.o(.text.HAL_TIMEx_CommutCallback)
    HAL_TIMEx_ConfigBreakDeadTime            0x08001e55   Thumb Code    76  stm32f4xx_hal_tim_ex.o(.text.HAL_TIMEx_ConfigBreakDeadTime)
    HAL_TIMEx_MasterConfigSynchronization    0x08001ea1   Thumb Code   182  stm32f4xx_hal_tim_ex.o(.text.HAL_TIMEx_MasterConfigSynchronization)
    HAL_TIM_Base_Init                        0x08001f59   Thumb Code    90  stm32f4xx_hal_tim.o(.text.HAL_TIM_Base_Init)
    HAL_TIM_Base_MspInit                     0x08001fb5   Thumb Code   108  tim.o(.text.HAL_TIM_Base_MspInit)
    HAL_TIM_ConfigClockSource                0x08002021   Thumb Code   412  stm32f4xx_hal_tim.o(.text.HAL_TIM_ConfigClockSource)
    HAL_TIM_IC_CaptureCallback               0x080021bd   Thumb Code     2  stm32f4xx_hal_tim.o(.text.HAL_TIM_IC_CaptureCallback)
    HAL_TIM_IRQHandler                       0x080021c1   Thumb Code   368  stm32f4xx_hal_tim.o(.text.HAL_TIM_IRQHandler)
    HAL_TIM_OC_ConfigChannel                 0x08002331   Thumb Code   436  stm32f4xx_hal_tim.o(.text.HAL_TIM_OC_ConfigChannel)
    HAL_TIM_OC_DelayElapsedCallback          0x080024e5   Thumb Code   174  main.o(.text.HAL_TIM_OC_DelayElapsedCallback)
    HAL_TIM_OC_Init                          0x08002595   Thumb Code    90  stm32f4xx_hal_tim.o(.text.HAL_TIM_OC_Init)
    HAL_TIM_OC_MspInit                       0x080025f1   Thumb Code     2  stm32f4xx_hal_tim.o(.text.HAL_TIM_OC_MspInit)
    HAL_TIM_OC_Start_IT                      0x080025f5   Thumb Code   344  stm32f4xx_hal_tim.o(.text.HAL_TIM_OC_Start_IT)
    HAL_TIM_PWM_ConfigChannel                0x0800274d   Thumb Code   546  stm32f4xx_hal_tim.o(.text.HAL_TIM_PWM_ConfigChannel)
    HAL_TIM_PWM_Init                         0x08002971   Thumb Code    90  stm32f4xx_hal_tim.o(.text.HAL_TIM_PWM_Init)
    HAL_TIM_PWM_MspInit                      0x080029cd   Thumb Code     2  stm32f4xx_hal_tim.o(.text.HAL_TIM_PWM_MspInit)
    HAL_TIM_PWM_PulseFinishedCallback        0x080029d1   Thumb Code     2  stm32f4xx_hal_tim.o(.text.HAL_TIM_PWM_PulseFinishedCallback)
    HAL_TIM_PWM_Start                        0x080029d5   Thumb Code   274  stm32f4xx_hal_tim.o(.text.HAL_TIM_PWM_Start)
    HAL_TIM_PeriodElapsedCallback            0x08002ae9   Thumb Code     2  stm32f4xx_hal_tim.o(.text.HAL_TIM_PeriodElapsedCallback)
    HAL_TIM_TriggerCallback                  0x08002aed   Thumb Code     2  stm32f4xx_hal_tim.o(.text.HAL_TIM_TriggerCallback)
    HAL_UART_Init                            0x08002af1   Thumb Code    94  stm32f4xx_hal_uart.o(.text.HAL_UART_Init)
    HAL_UART_MspInit                         0x08002b51   Thumb Code   106  usart.o(.text.HAL_UART_MspInit)
    HAL_UART_Transmit                        0x08002bbd   Thumb Code   646  stm32f4xx_hal_uart.o(.text.HAL_UART_Transmit)
    HardFault_Handler                        0x08002e45   Thumb Code     2  stm32f4xx_it.o(.text.HardFault_Handler)
    MX_GPIO_Init                             0x08002e49   Thumb Code    96  gpio.o(.text.MX_GPIO_Init)
    MX_I2C1_Init                             0x08002ea9   Thumb Code    66  i2c.o(.text.MX_I2C1_Init)
    MX_I2C2_Init                             0x08002eed   Thumb Code    66  i2c.o(.text.MX_I2C2_Init)
    MX_TIM1_Init                             0x08002f31   Thumb Code   374  tim.o(.text.MX_TIM1_Init)
    MX_TIM2_Init                             0x080030a9   Thumb Code   344  tim.o(.text.MX_TIM2_Init)
    MX_USART2_UART_Init                      0x08003201   Thumb Code    60  usart.o(.text.MX_USART2_UART_Init)
    MemManage_Handler                        0x0800323d   Thumb Code     2  stm32f4xx_it.o(.text.MemManage_Handler)
    NMI_Handler                              0x08003241   Thumb Code     2  stm32f4xx_it.o(.text.NMI_Handler)
    PendSV_Handler                           0x08003245   Thumb Code     2  stm32f4xx_it.o(.text.PendSV_Handler)
    SVC_Handler                              0x08003249   Thumb Code     2  stm32f4xx_it.o(.text.SVC_Handler)
    SysTick_Handler                          0x0800324d   Thumb Code     4  stm32f4xx_it.o(.text.SysTick_Handler)
    SystemClock_Config                       0x08003251   Thumb Code   176  main.o(.text.SystemClock_Config)
    SystemInit                               0x08003301   Thumb Code    18  system_stm32f4xx.o(.text.SystemInit)
    TIM2_IRQHandler                          0x08003315   Thumb Code    12  stm32f4xx_it.o(.text.TIM2_IRQHandler)
    TIM_Base_SetConfig                       0x08003321   Thumb Code   316  stm32f4xx_hal_tim.o(.text.TIM_Base_SetConfig)
    UsageFault_Handler                       0x0800354d   Thumb Code     2  stm32f4xx_it.o(.text.UsageFault_Handler)
    _sys_close                               0x08003551   Thumb Code    20  retarget_io.o(.text._sys_close)
    _sys_flen                                0x08003565   Thumb Code     4  retarget_io.o(.text._sys_flen)
    _sys_istty                               0x08003569   Thumb Code    16  retarget_io.o(.text._sys_istty)
    _sys_open                                0x08003579   Thumb Code    98  retarget_io.o(.text._sys_open)
    _sys_seek                                0x080035dd   Thumb Code     6  retarget_io.o(.text._sys_seek)
    _sys_write                               0x080035e5   Thumb Code   906  retarget_io.o(.text._sys_write)
    fputc                                    0x08003971   Thumb Code    32  main.o(.text.fputc)
    lcd_init                                 0x08003991   Thumb Code   278  i2c-lcd_1.o(.text.lcd_init)
    lcd_put_cur                              0x08003aa9   Thumb Code   110  i2c-lcd_1.o(.text.lcd_put_cur)
    lcd_send_data                            0x08003b19   Thumb Code    68  i2c-lcd_1.o(.text.lcd_send_data)
    lcd_send_string                          0x08003b5d   Thumb Code    86  i2c-lcd_1.o(.text.lcd_send_string)
    main                                     0x08003bb5   Thumb Code   440  main.o(.text.main)
    _fp_init                                 0x08003d81   Thumb Code    26  fpinit.o(x$fpl$fpinit)
    __fplib_config_fpu_vfp                   0x08003d99   Thumb Code     0  fpinit.o(x$fpl$fpinit)
    __fplib_config_pureend_doubles           0x08003d99   Thumb Code     0  fpinit.o(x$fpl$fpinit)
    AHBPrescTable                            0x08003d9a   Data          16  system_stm32f4xx.o(.rodata.AHBPrescTable)
    APBPrescTable                            0x08003daa   Data           8  system_stm32f4xx.o(.rodata.APBPrescTable)
    __stderr_name                            0x08003db2   Data           8  retarget_io.o(.rodata.__stderr_name)
    __stdin_name                             0x08003dba   Data           7  retarget_io.o(.rodata.__stdin_name)
    __stdout_name                            0x08003dc1   Data           8  retarget_io.o(.rodata.__stdout_name)
    Region$$Table$$Base                      0x08003df0   Number         0  anon$$obj.o(Region$$Table)
    Region$$Table$$Limit                     0x08003e10   Number         0  anon$$obj.o(Region$$Table)
    __aeabi_stdin                            0x20000000   Data           4  stdio_streams.o(.data)
    __aeabi_stdout                           0x20000004   Data           4  stdio_streams.o(.data)
    __aeabi_stderr                           0x20000008   Data           4  stdio_streams.o(.data)
    uwTickFreq                               0x2000000c   Data           1  stm32f4xx_hal.o(.data..L_MergedGlobals)
    uwTickPrio                               0x20000010   Data           4  stm32f4xx_hal.o(.data..L_MergedGlobals)
    SystemCoreClock                          0x20000014   Data           4  system_stm32f4xx.o(.data.SystemCoreClock)
    var                                      0x20000018   Data           2  main.o(.data.var)
    __stdin                                  0x20000020   Data          84  stdio_streams.o(.bss)
    __stdout                                 0x20000074   Data          84  stdio_streams.o(.bss)
    __stderr                                 0x200000c8   Data          84  stdio_streams.o(.bss)
    __libspace_start                         0x2000011c   Data          96  libspace.o(.bss)
    __temporary_stack_top$libspace           0x2000017c   Data           0  libspace.o(.bss)
    status                                   0x2000017c   Data           2  main.o(.bss..L_MergedGlobals)
    gio                                      0x20000180   Data           8  main.o(.bss..L_MergedGlobals)
    phut                                     0x20000188   Data           8  main.o(.bss..L_MergedGlobals)
    giay                                     0x20000190   Data           8  main.o(.bss..L_MergedGlobals)
    time                                     0x20000198   Data          20  main.o(.bss..L_MergedGlobals)
    hi2c1                                    0x200001ac   Data          84  i2c.o(.bss.hi2c1)
    hi2c2                                    0x20000200   Data          84  i2c.o(.bss.hi2c2)
    htim1                                    0x20000254   Data          72  tim.o(.bss.htim1)
    htim2                                    0x2000029c   Data          72  tim.o(.bss.htim2)
    huart2                                   0x200002e4   Data          68  usart.o(.bss.huart2)
    uwTick                                   0x20000328   Data           4  stm32f4xx_hal.o(.bss.uwTick)



==============================================================================

Memory Map of the image

  Image Entry point : 0x08000189

  Load Region LR_IROM1 (Base: 0x08000000, Size: 0x00003e30, Max: 0x00080000, ABSOLUTE)

    Execution Region ER_IROM1 (Exec base: 0x08000000, Load base: 0x08000000, Size: 0x00003e10, Max: 0x00080000, ABSOLUTE)

    Exec Addr    Load Addr    Size         Type   Attr      Idx    E Section Name        Object

    0x08000000   0x08000000   0x00000188   Data   RO            3    RESET               startup_stm32f407xx.o
    0x08000188   0x08000188   0x00000008   Code   RO         1190  * !!!main             c_w.l(__main.o)
    0x08000190   0x08000190   0x00000034   Code   RO         1524    !!!scatter          c_w.l(__scatter.o)
    0x080001c4   0x080001c4   0x0000001a   Code   RO         1526    !!handler_copy      c_w.l(__scatter_copy.o)
    0x080001de   0x080001de   0x00000002   PAD
    0x080001e0   0x080001e0   0x0000001c   Code   RO         1528    !!handler_zi        c_w.l(__scatter_zi.o)
    0x080001fc   0x080001fc   0x00000000   Code   RO         1185    .ARM.Collect$$_printf_percent$$00000000  c_w.l(_printf_percent.o)
    0x080001fc   0x080001fc   0x00000006   Code   RO         1184    .ARM.Collect$$_printf_percent$$00000009  c_w.l(_printf_d.o)
    0x08000202   0x08000202   0x00000004   Code   RO         1205    .ARM.Collect$$_printf_percent$$00000017  c_w.l(_printf_percent_end.o)
    0x08000206   0x08000206   0x00000002   Code   RO         1327    .ARM.Collect$$libinit$$00000000  c_w.l(libinit.o)
    0x08000208   0x08000208   0x00000004   Code   RO         1328    .ARM.Collect$$libinit$$00000001  c_w.l(libinit2.o)
    0x0800020c   0x0800020c   0x00000000   Code   RO         1331    .ARM.Collect$$libinit$$00000004  c_w.l(libinit2.o)
    0x0800020c   0x0800020c   0x00000000   Code   RO         1333    .ARM.Collect$$libinit$$00000006  c_w.l(libinit2.o)
    0x0800020c   0x0800020c   0x00000008   Code   RO         1334    .ARM.Collect$$libinit$$00000007  c_w.l(libinit2.o)
    0x08000214   0x08000214   0x00000000   Code   RO         1336    .ARM.Collect$$libinit$$0000000C  c_w.l(libinit2.o)
    0x08000214   0x08000214   0x00000000   Code   RO         1338    .ARM.Collect$$libinit$$0000000E  c_w.l(libinit2.o)
    0x08000214   0x08000214   0x00000000   Code   RO         1340    .ARM.Collect$$libinit$$00000010  c_w.l(libinit2.o)
    0x08000214   0x08000214   0x00000000   Code   RO         1343    .ARM.Collect$$libinit$$00000013  c_w.l(libinit2.o)
    0x08000214   0x08000214   0x00000000   Code   RO         1345    .ARM.Collect$$libinit$$00000015  c_w.l(libinit2.o)
    0x08000214   0x08000214   0x00000000   Code   RO         1347    .ARM.Collect$$libinit$$00000017  c_w.l(libinit2.o)
    0x08000214   0x08000214   0x00000000   Code   RO         1349    .ARM.Collect$$libinit$$00000019  c_w.l(libinit2.o)
    0x08000214   0x08000214   0x00000000   Code   RO         1351    .ARM.Collect$$libinit$$0000001B  c_w.l(libinit2.o)
    0x08000214   0x08000214   0x00000000   Code   RO         1353    .ARM.Collect$$libinit$$0000001D  c_w.l(libinit2.o)
    0x08000214   0x08000214   0x00000000   Code   RO         1355    .ARM.Collect$$libinit$$0000001F  c_w.l(libinit2.o)
    0x08000214   0x08000214   0x00000000   Code   RO         1357    .ARM.Collect$$libinit$$00000021  c_w.l(libinit2.o)
    0x08000214   0x08000214   0x00000000   Code   RO         1359    .ARM.Collect$$libinit$$00000023  c_w.l(libinit2.o)
    0x08000214   0x08000214   0x00000000   Code   RO         1361    .ARM.Collect$$libinit$$00000025  c_w.l(libinit2.o)
    0x08000214   0x08000214   0x00000004   Code   RO         1362    .ARM.Collect$$libinit$$00000026  c_w.l(libinit2.o)
    0x08000218   0x08000218   0x00000000   Code   RO         1363    .ARM.Collect$$libinit$$00000027  c_w.l(libinit2.o)
    0x08000218   0x08000218   0x00000000   Code   RO         1367    .ARM.Collect$$libinit$$0000002E  c_w.l(libinit2.o)
    0x08000218   0x08000218   0x00000000   Code   RO         1369    .ARM.Collect$$libinit$$00000030  c_w.l(libinit2.o)
    0x08000218   0x08000218   0x00000000   Code   RO         1371    .ARM.Collect$$libinit$$00000032  c_w.l(libinit2.o)
    0x08000218   0x08000218   0x00000000   Code   RO         1373    .ARM.Collect$$libinit$$00000034  c_w.l(libinit2.o)
    0x08000218   0x08000218   0x00000002   Code   RO         1374    .ARM.Collect$$libinit$$00000035  c_w.l(libinit2.o)
    0x0800021a   0x0800021a   0x00000002   Code   RO         1505    .ARM.Collect$$libshutdown$$00000000  c_w.l(libshutdown.o)
    0x0800021c   0x0800021c   0x00000000   Code   RO         1376    .ARM.Collect$$libshutdown$$00000002  c_w.l(libshutdown2.o)
    0x0800021c   0x0800021c   0x00000004   Code   RO         1377    .ARM.Collect$$libshutdown$$00000003  c_w.l(libshutdown2.o)
    0x08000220   0x08000220   0x00000000   Code   RO         1378    .ARM.Collect$$libshutdown$$00000004  c_w.l(libshutdown2.o)
    0x08000220   0x08000220   0x00000000   Code   RO         1381    .ARM.Collect$$libshutdown$$00000007  c_w.l(libshutdown2.o)
    0x08000220   0x08000220   0x00000000   Code   RO         1384    .ARM.Collect$$libshutdown$$0000000A  c_w.l(libshutdown2.o)
    0x08000220   0x08000220   0x00000000   Code   RO         1386    .ARM.Collect$$libshutdown$$0000000C  c_w.l(libshutdown2.o)
    0x08000220   0x08000220   0x00000000   Code   RO         1389    .ARM.Collect$$libshutdown$$0000000F  c_w.l(libshutdown2.o)
    0x08000220   0x08000220   0x00000002   Code   RO         1390    .ARM.Collect$$libshutdown$$00000010  c_w.l(libshutdown2.o)
    0x08000222   0x08000222   0x00000000   Code   RO         1192    .ARM.Collect$$rtentry$$00000000  c_w.l(__rtentry.o)
    0x08000222   0x08000222   0x00000000   Code   RO         1213    .ARM.Collect$$rtentry$$00000002  c_w.l(__rtentry2.o)
    0x08000222   0x08000222   0x00000006   Code   RO         1225    .ARM.Collect$$rtentry$$00000004  c_w.l(__rtentry4.o)
    0x08000228   0x08000228   0x00000000   Code   RO         1215    .ARM.Collect$$rtentry$$00000009  c_w.l(__rtentry2.o)
    0x08000228   0x08000228   0x00000004   Code   RO         1216    .ARM.Collect$$rtentry$$0000000A  c_w.l(__rtentry2.o)
    0x0800022c   0x0800022c   0x00000000   Code   RO         1218    .ARM.Collect$$rtentry$$0000000C  c_w.l(__rtentry2.o)
    0x0800022c   0x0800022c   0x00000008   Code   RO         1219    .ARM.Collect$$rtentry$$0000000D  c_w.l(__rtentry2.o)
    0x08000234   0x08000234   0x00000002   Code   RO         1394    .ARM.Collect$$rtexit$$00000000  c_w.l(rtexit.o)
    0x08000236   0x08000236   0x00000000   Code   RO         1444    .ARM.Collect$$rtexit$$00000002  c_w.l(rtexit2.o)
    0x08000236   0x08000236   0x00000004   Code   RO         1445    .ARM.Collect$$rtexit$$00000003  c_w.l(rtexit2.o)
    0x0800023a   0x0800023a   0x00000006   Code   RO         1446    .ARM.Collect$$rtexit$$00000004  c_w.l(rtexit2.o)
    0x08000240   0x08000240   0x00000040   Code   RO            4    .text               startup_stm32f407xx.o
    0x08000280   0x08000280   0x000000f0   Code   RO         1150    .text               c_w.l(lludivv7m.o)
    0x08000370   0x08000370   0x00000018   Code   RO         1156    .text               c_w.l(noretval__2printf.o)
    0x08000388   0x08000388   0x00000028   Code   RO         1158    .text               c_w.l(noretval__2sprintf.o)
    0x080003b0   0x080003b0   0x00000068   Code   RO         1160    .text               c_w.l(__printf.o)
    0x08000418   0x08000418   0x00000078   Code   RO         1162    .text               c_w.l(_printf_dec.o)
    0x08000490   0x08000490   0x0000007c   Code   RO         1186    .text               c_w.l(strcmpv7em.o)
    0x0800050c   0x0800050c   0x00000006   Code   RO         1188    .text               c_w.l(heapauxi.o)
    0x08000512   0x08000512   0x000000b2   Code   RO         1197    .text               c_w.l(_printf_intcommon.o)
    0x080005c4   0x080005c4   0x00000030   Code   RO         1199    .text               c_w.l(_printf_char_common.o)
    0x080005f4   0x080005f4   0x0000000a   Code   RO         1201    .text               c_w.l(_sputc.o)
    0x080005fe   0x080005fe   0x00000002   PAD
    0x08000600   0x08000600   0x00000024   Code   RO         1203    .text               c_w.l(_printf_char_file.o)
    0x08000624   0x08000624   0x00000008   Code   RO         1231    .text               c_w.l(ferror.o)
    0x0800062c   0x0800062c   0x00000138   Code   RO         1233    .text               c_w.l(initio.o)
    0x08000764   0x08000764   0x0000004a   Code   RO         1241    .text               c_w.l(sys_stackheap_outer.o)
    0x080007ae   0x080007ae   0x0000004e   Code   RO         1245    .text               c_w.l(h1_free.o)
    0x080007fc   0x080007fc   0x00000046   Code   RO         1299    .text               c_w.l(setvbuf.o)
    0x08000842   0x08000842   0x00000002   PAD
    0x08000844   0x08000844   0x000000f0   Code   RO         1302    .text               c_w.l(fopen.o)
    0x08000934   0x08000934   0x0000004c   Code   RO         1304    .text               c_w.l(fclose.o)
    0x08000980   0x08000980   0x00000012   Code   RO         1310    .text               c_w.l(exit.o)
    0x08000992   0x08000992   0x0000000e   Code   RO         1316    .text               c_w.l(defsig_rtred_outer.o)
    0x080009a0   0x080009a0   0x0000004e   Code   RO         1320    .text               c_w.l(rt_memclr_w.o)
    0x080009ee   0x080009ee   0x00000002   PAD
    0x080009f0   0x080009f0   0x00000008   Code   RO         1391    .text               c_w.l(libspace.o)
    0x080009f8   0x080009f8   0x00000008   Code   RO         1401    .text               c_w.l(rt_heap_descriptor_intlibspace.o)
    0x08000a00   0x08000a00   0x00000004   Code   RO         1403    .text               c_w.l(hguard.o)
    0x08000a04   0x08000a04   0x0000008a   Code   RO         1405    .text               c_w.l(init_alloc.o)
    0x08000a8e   0x08000a8e   0x0000005e   Code   RO         1411    .text               c_w.l(h1_alloc.o)
    0x08000aec   0x08000aec   0x000000f8   Code   RO         1423    .text               c_w.l(fseek.o)
    0x08000be4   0x08000be4   0x00000108   Code   RO         1425    .text               c_w.l(stdio.o)
    0x08000cec   0x08000cec   0x0000000a   Code   RO         1427    .text               c_w.l(defsig_exit.o)
    0x08000cf6   0x08000cf6   0x00000002   PAD
    0x08000cf8   0x08000cf8   0x00000034   Code   RO         1431    .text               c_w.l(defsig_rtred_inner.o)
    0x08000d2c   0x08000d2c   0x0000000c   Code   RO         1439    .text               c_w.l(sys_exit.o)
    0x08000d38   0x08000d38   0x00000000   Code   RO         1450    .text               c_w.l(maybetermalloc1.o)
    0x08000d38   0x08000d38   0x0000000e   Code   RO         1452    .text               c_w.l(h1_init.o)
    0x08000d46   0x08000d46   0x00000034   Code   RO         1454    .text               c_w.l(h1_extend.o)
    0x08000d7a   0x08000d7a   0x00000042   Code   RO         1460    .text               c_w.l(ftell.o)
    0x08000dbc   0x08000dbc   0x00000032   Code   RO         1464    .text               c_w.l(defsig_general.o)
    0x08000dee   0x08000dee   0x0000000e   Code   RO         1466    .text               c_w.l(defsig_rtmem_outer.o)
    0x08000dfc   0x08000dfc   0x0000000e   Code   RO         1479    .text               c_w.l(sys_wrch.o)
    0x08000e0a   0x08000e0a   0x00000002   Code   RO         1487    .text               c_w.l(use_no_semi.o)
    0x08000e0c   0x08000e0c   0x00000000   Code   RO         1489    .text               c_w.l(indicate_semi.o)
    0x08000e0c   0x08000e0c   0x00000008   Code   RO         1493    .text               c_w.l(rt_errno_addr_intlibspace.o)
    0x08000e14   0x08000e14   0x00000050   Code   RO         1499    .text               c_w.l(defsig_rtmem_inner.o)
    0x08000e64   0x08000e64   0x00000002   Code   RO          122    .text.BusFault_Handler  stm32f4xx_it.o
    0x08000e66   0x08000e66   0x00000002   PAD
    0x08000e68   0x08000e68   0x00000002   Code   RO          128    .text.DebugMon_Handler  stm32f4xx_it.o
    0x08000e6a   0x08000e6a   0x00000002   PAD
    0x08000e6c   0x08000e6c   0x0000000a   Code   RO           39    .text.Error_Handler  main.o
    0x08000e76   0x08000e76   0x00000002   PAD
    0x08000e78   0x08000e78   0x00000028   Code   RO          595    .text.HAL_Delay     stm32f4xx_hal.o
    0x08000ea0   0x08000ea0   0x000001a6   Code   RO          396    .text.HAL_GPIO_Init  stm32f4xx_hal_gpio.o
    0x08001046   0x08001046   0x00000002   PAD
    0x08001048   0x08001048   0x0000000c   Code   RO          587    .text.HAL_GetTick   stm32f4xx_hal.o
    0x08001054   0x08001054   0x00000176   Code   RO          151    .text.HAL_I2C_Init  stm32f4xx_hal_i2c.o
    0x080011ca   0x080011ca   0x00000002   PAD
    0x080011cc   0x080011cc   0x00000478   Code   RO          159    .text.HAL_I2C_Master_Transmit  stm32f4xx_hal_i2c.o
    0x08001644   0x08001644   0x000000d6   Code   RO           67    .text.HAL_I2C_MspInit  i2c.o
    0x0800171a   0x0800171a   0x00000002   PAD
    0x0800171c   0x0800171c   0x0000001a   Code   RO          585    .text.HAL_IncTick   stm32f4xx_hal.o
    0x08001736   0x08001736   0x00000002   PAD
    0x08001738   0x08001738   0x00000036   Code   RO          575    .text.HAL_Init      stm32f4xx_hal.o
    0x0800176e   0x0800176e   0x00000002   PAD
    0x08001770   0x08001770   0x00000048   Code   RO          577    .text.HAL_InitTick  stm32f4xx_hal.o
    0x080017b8   0x080017b8   0x00000038   Code   RO          143    .text.HAL_MspInit   stm32f4xx_hal_msp.o
    0x080017f0   0x080017f0   0x00000026   Code   RO          533    .text.HAL_NVIC_EnableIRQ  stm32f4xx_hal_cortex.o
    0x08001816   0x08001816   0x00000002   PAD
    0x08001818   0x08001818   0x00000056   Code   RO          531    .text.HAL_NVIC_SetPriority  stm32f4xx_hal_cortex.o
    0x0800186e   0x0800186e   0x00000002   PAD
    0x08001870   0x08001870   0x00000020   Code   RO          529    .text.HAL_NVIC_SetPriorityGrouping  stm32f4xx_hal_cortex.o
    0x08001890   0x08001890   0x00000160   Code   RO          290    .text.HAL_RCC_ClockConfig  stm32f4xx_hal_rcc.o
    0x080019f0   0x080019f0   0x00000026   Code   RO          302    .text.HAL_RCC_GetPCLK1Freq  stm32f4xx_hal_rcc.o
    0x08001a16   0x08001a16   0x00000002   PAD
    0x08001a18   0x08001a18   0x00000026   Code   RO          304    .text.HAL_RCC_GetPCLK2Freq  stm32f4xx_hal_rcc.o
    0x08001a3e   0x08001a3e   0x00000002   PAD
    0x08001a40   0x08001a40   0x0000006c   Code   RO          292    .text.HAL_RCC_GetSysClockFreq  stm32f4xx_hal_rcc.o
    0x08001aac   0x08001aac   0x00000374   Code   RO          288    .text.HAL_RCC_OscConfig  stm32f4xx_hal_rcc.o
    0x08001e20   0x08001e20   0x0000002c   Code   RO          541    .text.HAL_SYSTICK_Config  stm32f4xx_hal_cortex.o
    0x08001e4c   0x08001e4c   0x00000002   Code   RO          970    .text.HAL_TIMEx_BreakCallback  stm32f4xx_hal_tim_ex.o
    0x08001e4e   0x08001e4e   0x00000002   PAD
    0x08001e50   0x08001e50   0x00000002   Code   RO          966    .text.HAL_TIMEx_CommutCallback  stm32f4xx_hal_tim_ex.o
    0x08001e52   0x08001e52   0x00000002   PAD
    0x08001e54   0x08001e54   0x0000004c   Code   RO          962    .text.HAL_TIMEx_ConfigBreakDeadTime  stm32f4xx_hal_tim_ex.o
    0x08001ea0   0x08001ea0   0x000000b6   Code   RO          960    .text.HAL_TIMEx_MasterConfigSynchronization  stm32f4xx_hal_tim_ex.o
    0x08001f56   0x08001f56   0x00000002   PAD
    0x08001f58   0x08001f58   0x0000005a   Code   RO          665    .text.HAL_TIM_Base_Init  stm32f4xx_hal_tim.o
    0x08001fb2   0x08001fb2   0x00000002   PAD
    0x08001fb4   0x08001fb4   0x0000006c   Code   RO           87    .text.HAL_TIM_Base_MspInit  tim.o
    0x08002020   0x08002020   0x0000019c   Code   RO          845    .text.HAL_TIM_ConfigClockSource  stm32f4xx_hal_tim.o
    0x080021bc   0x080021bc   0x00000002   Code   RO          801    .text.HAL_TIM_IC_CaptureCallback  stm32f4xx_hal_tim.o
    0x080021be   0x080021be   0x00000002   PAD
    0x080021c0   0x080021c0   0x00000170   Code   RO          799    .text.HAL_TIM_IRQHandler  stm32f4xx_hal_tim.o
    0x08002330   0x08002330   0x000001b4   Code   RO          811    .text.HAL_TIM_OC_ConfigChannel  stm32f4xx_hal_tim.o
    0x080024e4   0x080024e4   0x000000ae   Code   RO           33    .text.HAL_TIM_OC_DelayElapsedCallback  main.o
    0x08002592   0x08002592   0x00000002   PAD
    0x08002594   0x08002594   0x0000005a   Code   RO          693    .text.HAL_TIM_OC_Init  stm32f4xx_hal_tim.o
    0x080025ee   0x080025ee   0x00000002   PAD
    0x080025f0   0x080025f0   0x00000002   Code   RO          695    .text.HAL_TIM_OC_MspInit  stm32f4xx_hal_tim.o
    0x080025f2   0x080025f2   0x00000002   PAD
    0x080025f4   0x080025f4   0x00000158   Code   RO          707    .text.HAL_TIM_OC_Start_IT  stm32f4xx_hal_tim.o
    0x0800274c   0x0800274c   0x00000222   Code   RO          819    .text.HAL_TIM_PWM_ConfigChannel  stm32f4xx_hal_tim.o
    0x0800296e   0x0800296e   0x00000002   PAD
    0x08002970   0x08002970   0x0000005a   Code   RO          719    .text.HAL_TIM_PWM_Init  stm32f4xx_hal_tim.o
    0x080029ca   0x080029ca   0x00000002   PAD
    0x080029cc   0x080029cc   0x00000002   Code   RO          721    .text.HAL_TIM_PWM_MspInit  stm32f4xx_hal_tim.o
    0x080029ce   0x080029ce   0x00000002   PAD
    0x080029d0   0x080029d0   0x00000002   Code   RO          805    .text.HAL_TIM_PWM_PulseFinishedCallback  stm32f4xx_hal_tim.o
    0x080029d2   0x080029d2   0x00000002   PAD
    0x080029d4   0x080029d4   0x00000112   Code   RO          727    .text.HAL_TIM_PWM_Start  stm32f4xx_hal_tim.o
    0x08002ae6   0x08002ae6   0x00000002   PAD
    0x08002ae8   0x08002ae8   0x00000002   Code   RO          807    .text.HAL_TIM_PeriodElapsedCallback  stm32f4xx_hal_tim.o
    0x08002aea   0x08002aea   0x00000002   PAD
    0x08002aec   0x08002aec   0x00000002   Code   RO          809    .text.HAL_TIM_TriggerCallback  stm32f4xx_hal_tim.o
    0x08002aee   0x08002aee   0x00000002   PAD
    0x08002af0   0x08002af0   0x0000005e   Code   RO          984    .text.HAL_UART_Init  stm32f4xx_hal_uart.o
    0x08002b4e   0x08002b4e   0x00000002   PAD
    0x08002b50   0x08002b50   0x0000006a   Code   RO          103    .text.HAL_UART_MspInit  usart.o
    0x08002bba   0x08002bba   0x00000002   PAD
    0x08002bbc   0x08002bbc   0x00000286   Code   RO         1000    .text.HAL_UART_Transmit  stm32f4xx_hal_uart.o
    0x08002e42   0x08002e42   0x00000002   PAD
    0x08002e44   0x08002e44   0x00000002   Code   RO          118    .text.HardFault_Handler  stm32f4xx_it.o
    0x08002e46   0x08002e46   0x00000002   PAD
    0x08002e48   0x08002e48   0x00000060   Code   RO           55    .text.MX_GPIO_Init  gpio.o
    0x08002ea8   0x08002ea8   0x00000042   Code   RO           63    .text.MX_I2C1_Init  i2c.o
    0x08002eea   0x08002eea   0x00000002   PAD
    0x08002eec   0x08002eec   0x00000042   Code   RO           65    .text.MX_I2C2_Init  i2c.o
    0x08002f2e   0x08002f2e   0x00000002   PAD
    0x08002f30   0x08002f30   0x00000176   Code   RO           81    .text.MX_TIM1_Init  tim.o
    0x080030a6   0x080030a6   0x00000002   PAD
    0x080030a8   0x080030a8   0x00000158   Code   RO           85    .text.MX_TIM2_Init  tim.o
    0x08003200   0x08003200   0x0000003c   Code   RO          101    .text.MX_USART2_UART_Init  usart.o
    0x0800323c   0x0800323c   0x00000002   Code   RO          120    .text.MemManage_Handler  stm32f4xx_it.o
    0x0800323e   0x0800323e   0x00000002   PAD
    0x08003240   0x08003240   0x00000002   Code   RO          116    .text.NMI_Handler   stm32f4xx_it.o
    0x08003242   0x08003242   0x00000002   PAD
    0x08003244   0x08003244   0x00000002   Code   RO          130    .text.PendSV_Handler  stm32f4xx_it.o
    0x08003246   0x08003246   0x00000002   PAD
    0x08003248   0x08003248   0x00000002   Code   RO          126    .text.SVC_Handler   stm32f4xx_it.o
    0x0800324a   0x0800324a   0x00000002   PAD
    0x0800324c   0x0800324c   0x00000004   Code   RO          132    .text.SysTick_Handler  stm32f4xx_it.o
    0x08003250   0x08003250   0x000000b0   Code   RO           37    .text.SystemClock_Config  main.o
    0x08003300   0x08003300   0x00000012   Code   RO         1104    .text.SystemInit    system_stm32f4xx.o
    0x08003312   0x08003312   0x00000002   PAD
    0x08003314   0x08003314   0x0000000c   Code   RO          134    .text.TIM2_IRQHandler  stm32f4xx_it.o
    0x08003320   0x08003320   0x0000013c   Code   RO          669    .text.TIM_Base_SetConfig  stm32f4xx_hal_tim.o
    0x0800345c   0x0800345c   0x000000ee   Code   RO          988    .text.UART_SetConfig  stm32f4xx_hal_uart.o
    0x0800354a   0x0800354a   0x00000002   PAD
    0x0800354c   0x0800354c   0x00000002   Code   RO          124    .text.UsageFault_Handler  stm32f4xx_it.o
    0x0800354e   0x0800354e   0x00000002   PAD
    0x08003550   0x08003550   0x00000014   Code   RO         1125    .text._sys_close    retarget_io.o
    0x08003564   0x08003564   0x00000004   Code   RO         1135    .text._sys_flen     retarget_io.o
    0x08003568   0x08003568   0x00000010   Code   RO         1131    .text._sys_istty    retarget_io.o
    0x08003578   0x08003578   0x00000062   Code   RO         1123    .text._sys_open     retarget_io.o
    0x080035da   0x080035da   0x00000002   PAD
    0x080035dc   0x080035dc   0x00000006   Code   RO         1133    .text._sys_seek     retarget_io.o
    0x080035e2   0x080035e2   0x00000002   PAD
    0x080035e4   0x080035e4   0x0000038a   Code   RO         1127    .text._sys_write    retarget_io.o
    0x0800396e   0x0800396e   0x00000002   PAD
    0x08003970   0x08003970   0x00000020   Code   RO           31    .text.fputc         main.o
    0x08003990   0x08003990   0x00000116   Code   RO           19    .text.lcd_init      i2c-lcd_1.o
    0x08003aa6   0x08003aa6   0x00000002   PAD
    0x08003aa8   0x08003aa8   0x0000006e   Code   RO           17    .text.lcd_put_cur   i2c-lcd_1.o
    0x08003b16   0x08003b16   0x00000002   PAD
    0x08003b18   0x08003b18   0x00000044   Code   RO           13    .text.lcd_send_data  i2c-lcd_1.o
    0x08003b5c   0x08003b5c   0x00000056   Code   RO           21    .text.lcd_send_string  i2c-lcd_1.o
    0x08003bb2   0x08003bb2   0x00000002   PAD
    0x08003bb4   0x08003bb4   0x000001cc   Code   RO           35    .text.main          main.o
    0x08003d80   0x08003d80   0x0000001a   Code   RO         1437    x$fpl$fpinit        fz_wm.l(fpinit.o)
    0x08003d9a   0x08003d9a   0x00000010   Data   RO         1109    .rodata.AHBPrescTable  system_stm32f4xx.o
    0x08003daa   0x08003daa   0x00000008   Data   RO         1110    .rodata.APBPrescTable  system_stm32f4xx.o
    0x08003db2   0x08003db2   0x00000008   Data   RO         1140    .rodata.__stderr_name  retarget_io.o
    0x08003dba   0x08003dba   0x00000007   Data   RO         1138    .rodata.__stdin_name  retarget_io.o
    0x08003dc1   0x08003dc1   0x00000008   Data   RO         1139    .rodata.__stdout_name  retarget_io.o
    0x08003dc9   0x08003dc9   0x00000003   PAD
    0x08003dcc   0x08003dcc   0x00000020   Data   RO          885    .rodata.cst16       stm32f4xx_hal_tim.o
    0x08003dec   0x08003dec   0x00000002   Data   RO           42    .rodata.str1.1      main.o
    0x08003dee   0x08003dee   0x00000002   PAD
    0x08003df0   0x08003df0   0x00000020   Data   RO         1523    Region$$Table       anon$$obj.o


    Execution Region RW_IRAM1 (Exec base: 0x20000000, Load base: 0x08003e10, Size: 0x00000930, Max: 0x0001c000, ABSOLUTE)

    Exec Addr    Load Addr    Size         Type   Attr      Idx    E Section Name        Object

    0x20000000   0x08003e10   0x00000004   Data   RW         1209    .data               c_w.l(stdio_streams.o)
    0x20000004   0x08003e14   0x00000004   Data   RW         1210    .data               c_w.l(stdio_streams.o)
    0x20000008   0x08003e18   0x00000004   Data   RW         1211    .data               c_w.l(stdio_streams.o)
    0x2000000c   0x08003e1c   0x00000008   Data   RW          630    .data..L_MergedGlobals  stm32f4xx_hal.o
    0x20000014   0x08003e24   0x00000004   Data   RW         1108    .data.SystemCoreClock  system_stm32f4xx.o
    0x20000018   0x08003e28   0x00000002   Data   RW           41    .data.var           main.o
    0x2000001a   0x08003e2a   0x00000006   PAD
    0x20000020        -       0x00000054   Zero   RW         1206    .bss                c_w.l(stdio_streams.o)
    0x20000074        -       0x00000054   Zero   RW         1207    .bss                c_w.l(stdio_streams.o)
    0x200000c8        -       0x00000054   Zero   RW         1208    .bss                c_w.l(stdio_streams.o)
    0x2000011c        -       0x00000060   Zero   RW         1392    .bss                c_w.l(libspace.o)
    0x2000017c        -       0x00000030   Zero   RW           46    .bss..L_MergedGlobals  main.o
    0x200001ac        -       0x00000054   Zero   RW           71    .bss.hi2c1          i2c.o
    0x20000200        -       0x00000054   Zero   RW           72    .bss.hi2c2          i2c.o
    0x20000254        -       0x00000048   Zero   RW           91    .bss.htim1          tim.o
    0x2000029c        -       0x00000048   Zero   RW           92    .bss.htim2          tim.o
    0x200002e4        -       0x00000044   Zero   RW          107    .bss.huart2         usart.o
    0x20000328        -       0x00000004   Zero   RW          629    .bss.uwTick         stm32f4xx_hal.o
    0x2000032c   0x08003e2a   0x00000004   PAD
    0x20000330        -       0x00000200   Zero   RW            2    HEAP                startup_stm32f407xx.o
    0x20000530        -       0x00000400   Zero   RW            1    STACK               startup_stm32f407xx.o


    Execution Region RW_IRAM2 (Exec base: 0x2001c000, Load base: 0x08003e30, Size: 0x00000000, Max: 0x00004000, ABSOLUTE)

    **** No section assigned to this execution region ****


==============================================================================

Image component sizes


      Code (inc. data)   RO Data    RW Data    ZI Data      Debug   Object Name

        96          0          0          0          0       1502   gpio.o
       542          4          0          0          0       4135   i2c-lcd_1.o
       346          0          0          0        168       5480   i2c.o
       852         20          2          2         48       7356   main.o
      1050          0         23          0          0       5920   retarget_io.o
        64         26        392          0       1536        868   startup_stm32f407xx.o
       204          0          0          8          4       7314   stm32f4xx_hal.o
       200          0          0          0          0      10544   stm32f4xx_hal_cortex.o
       422          0          0          0          0       5277   stm32f4xx_hal_gpio.o
      1518          0          0          0          0      53714   stm32f4xx_hal_i2c.o
        56          0          0          0          0       1475   stm32f4xx_hal_msp.o
      1420          0          0          0          0       7442   stm32f4xx_hal_rcc.o
      2978          8         32          0          0      55055   stm32f4xx_hal_tim.o
       262          0          0          0          0      21260   stm32f4xx_hal_tim_ex.o
       978          0          0          0          0      31737   stm32f4xx_hal_uart.o
        32          0          0          0          0       4475   stm32f4xx_it.o
        18          0         24          4          0       2667   system_stm32f4xx.o
       826          0          0          0        144       9274   tim.o
       166          0          0          0         68       5028   usart.o

    ----------------------------------------------------------------------
     12124         58        510         16       1976     240523   Object Totals
         0          0         32          0          0          0   (incl. Generated)
        94          0          5          2          8          0   (incl. Padding)

    ----------------------------------------------------------------------

      Code (inc. data)   RO Data    RW Data    ZI Data      Debug   Library Member Name

         8          0          0          0          0         68   __main.o
       104          0          0          0          0         84   __printf.o
         0          0          0          0          0          0   __rtentry.o
        12          0          0          0          0          0   __rtentry2.o
         6          0          0          0          0          0   __rtentry4.o
        52          8          0          0          0          0   __scatter.o
        26          0          0          0          0          0   __scatter_copy.o
        28          0          0          0          0          0   __scatter_zi.o
        48          6          0          0          0         96   _printf_char_common.o
        36          4          0          0          0         80   _printf_char_file.o
         6          0          0          0          0          0   _printf_d.o
       120         16          0          0          0         92   _printf_dec.o
       178          0          0          0          0         88   _printf_intcommon.o
         0          0          0          0          0          0   _printf_percent.o
         4          0          0          0          0          0   _printf_percent_end.o
        10          0          0          0          0         68   _sputc.o
        10          0          0          0          0         68   defsig_exit.o
        50          0          0          0          0         88   defsig_general.o
        80         58          0          0          0         76   defsig_rtmem_inner.o
        14          0          0          0          0         80   defsig_rtmem_outer.o
        52         38          0          0          0         76   defsig_rtred_inner.o
        14          0          0          0          0         80   defsig_rtred_outer.o
        18          0          0          0          0         80   exit.o
        76          0          0          0          0         88   fclose.o
         8          0          0          0          0         68   ferror.o
       240          6          0          0          0        128   fopen.o
       248          6          0          0          0         84   fseek.o
        66          0          0          0          0         76   ftell.o
        94          0          0          0          0         80   h1_alloc.o
        52          0          0          0          0         68   h1_extend.o
        78          0          0          0          0         80   h1_free.o
        14          0          0          0          0         84   h1_init.o
         6          0          0          0          0        152   heapauxi.o
         4          0          0          0          0        136   hguard.o
         0          0          0          0          0          0   indicate_semi.o
       138          0          0          0          0        168   init_alloc.o
       312         46          0          0          0        112   initio.o
         2          0          0          0          0          0   libinit.o
        18          0          0          0          0          0   libinit2.o
         2          0          0          0          0          0   libshutdown.o
         6          0          0          0          0          0   libshutdown2.o
         8          4          0          0         96         68   libspace.o
       240          0          0          0          0        100   lludivv7m.o
         0          0          0          0          0          0   maybetermalloc1.o
        24          4          0          0          0         84   noretval__2printf.o
        40          6          0          0          0         84   noretval__2sprintf.o
         8          4          0          0          0         68   rt_errno_addr_intlibspace.o
         8          4          0          0          0         68   rt_heap_descriptor_intlibspace.o
        78          0          0          0          0         80   rt_memclr_w.o
         2          0          0          0          0          0   rtexit.o
        10          0          0          0          0          0   rtexit2.o
        70          0          0          0          0         80   setvbuf.o
       264          6          0          0          0        160   stdio.o
         0          0          0         12        252          0   stdio_streams.o
       124          0          0          0          0         88   strcmpv7em.o
        12          4          0          0          0         68   sys_exit.o
        74          0          0          0          0         80   sys_stackheap_outer.o
        14          0          0          0          0         76   sys_wrch.o
         2          0          0          0          0         68   use_no_semi.o
        26          0          0          0          0        116   fpinit.o

    ----------------------------------------------------------------------
      3254        220          0         12        348       3736   Library Totals
        10          0          0          0          0          0   (incl. Padding)

    ----------------------------------------------------------------------

      Code (inc. data)   RO Data    RW Data    ZI Data      Debug   Library Name

      3218        220          0         12        348       3620   c_w.l
        26          0          0          0          0        116   fz_wm.l

    ----------------------------------------------------------------------
      3254        220          0         12        348       3736   Library Totals

    ----------------------------------------------------------------------

==============================================================================


      Code (inc. data)   RO Data    RW Data    ZI Data      Debug   

     15378        278        510         28       2324     241943   Grand Totals
     15378        278        510         28       2324     241943   ELF Image Totals
     15378        278        510         28          0          0   ROM Totals

==============================================================================

    Total RO  Size (Code + RO Data)                15888 (  15.52kB)
    Total RW  Size (RW Data + ZI Data)              2352 (   2.30kB)
    Total ROM Size (Code + RO Data + RW Data)      15916 (  15.54kB)

==============================================================================

